npm warn Unknown env config "http-proxy". This will stop working in the next major version of npm.
confovhh@0.5.0 /workspace/scratch/7e3ee89cbfdd/ConfoVHH-security-20260909
├─┬ @base-ui/react@1.7.0
│ ├── @babel/runtime@7.29.7
│ ├─┬ @base-ui/utils@0.3.2
│ │ ├── @babel/runtime@7.29.7 deduped
│ │ ├── @floating-ui/utils@0.2.12 deduped
│ │ ├── @types/react@19.2.14 deduped
│ │ ├── react-dom@19.2.8 deduped
│ │ ├── react@19.2.8 deduped
│ │ ├── reselect@5.2.0
│ │ └── use-sync-external-store@1.6.0 deduped
│ ├── @date-fns/tz@1.5.0
│ ├─┬ @floating-ui/react-dom@2.1.9
│ │ ├─┬ @floating-ui/dom@1.8.0
│ │ │ ├─┬ @floating-ui/core@1.8.0
│ │ │ │ └── @floating-ui/utils@0.2.12 deduped
│ │ │ └── @floating-ui/utils@0.2.12 deduped
│ │ ├── react-dom@19.2.8 deduped
│ │ └── react@19.2.8 deduped
│ ├── @floating-ui/utils@0.2.12
│ ├── @types/react@19.2.14 deduped
│ ├── date-fns@4.4.0 deduped
│ ├── react-dom@19.2.8 deduped
│ ├── react@19.2.8 deduped
│ └─┬ use-sync-external-store@1.6.0
│   └── react@19.2.8 deduped
├─┬ @cloudflare/vite-plugin@1.54.2
│ ├─┬ @cloudflare/unenv-preset@2.16.1
│ │ ├── unenv@2.0.0-rc.24 deduped
│ │ └── workerd@1.20260828.1 deduped
│ ├─┬ miniflare@5.20260828.0-alpha
│ │ ├─┬ @cspotcode/source-map-support@0.8.1
│ │ │ └─┬ @jridgewell/trace-mapping@0.3.9
│ │ │   ├── @jridgewell/resolve-uri@3.1.2
│ │ │   └── @jridgewell/sourcemap-codec@1.5.5 deduped
│ │ ├── sharp@0.35.4 deduped
│ │ ├── undici@7.29.0
│ │ ├── workerd@1.20260828.1 deduped
│ │ ├── ws@8.21.0 deduped
│ │ └─┬ youch@4.1.0-beta.10
│ │   ├─┬ @poppinss/colors@4.1.6
│ │   │ └── kleur@4.1.5
│ │   ├─┬ @poppinss/dumper@0.6.5
│ │   │ ├── @poppinss/colors@4.1.6 deduped
│ │   │ ├── @sindresorhus/is@7.2.0
│ │   │ └── supports-color@10.2.2
│ │   ├── @speed-highlight/core@1.2.24
│ │   ├── cookie@1.1.1
│ │   └─┬ youch-core@0.3.3
│ │     ├── @poppinss/exception@1.2.3
│ │     └── error-stack-parser-es@1.0.5
│ ├─┬ unenv@2.0.0-rc.24
│ │ └── pathe@2.0.3
│ ├── vite@8.2.2 deduped
│ ├─┬ workerd@1.20260828.1
│ │ ├── UNMET OPTIONAL DEPENDENCY @cloudflare/workerd-darwin-64@1.20260828.1
│ │ ├── UNMET OPTIONAL DEPENDENCY @cloudflare/workerd-darwin-arm64@1.20260828.1
│ │ ├── @cloudflare/workerd-linux-64@1.20260828.1
│ │ ├── UNMET OPTIONAL DEPENDENCY @cloudflare/workerd-linux-arm64@1.20260828.1
│ │ └── UNMET OPTIONAL DEPENDENCY @cloudflare/workerd-windows-64@1.20260828.1
│ ├── wrangler@4.127.1 deduped
│ └─┬ ws@8.21.0
│   ├── UNMET OPTIONAL DEPENDENCY bufferutil@^4.0.1
│   └── UNMET OPTIONAL DEPENDENCY utf-8-validate@>=5.0.2
├── @cloudflare/workers-types@5.20260829.1
├─┬ @emnapi/runtime@1.11.3 extraneous
│ └── tslib@2.8.1
├─┬ @hookform/resolvers@5.7.1
│ ├── UNMET OPTIONAL DEPENDENCY @sinclair/typebox@>=0.25.24
│ ├── @standard-schema/spec@1.1.0
│ ├── @standard-schema/utils@0.3.0
│ ├── UNMET OPTIONAL DEPENDENCY @typeschema/main@>=0.13.7
│ ├── UNMET OPTIONAL DEPENDENCY @vinejs/vine@^2.0.0 || ^3.0.0 || ^4.0.0
│ ├── UNMET OPTIONAL DEPENDENCY ajv-errors@^3.0.0
│ ├─┬ ajv-formats@2.1.1
│ │ └── ajv@8.20.0 deduped
│ ├─┬ ajv@8.20.0
│ │ ├── fast-deep-equal@3.1.3 deduped
│ │ ├── fast-uri@3.1.6
│ │ ├── json-schema-traverse@1.0.0
│ │ └── require-from-string@2.0.2
│ ├── UNMET OPTIONAL DEPENDENCY arktype@^2.0.0
│ ├── UNMET OPTIONAL DEPENDENCY ata-validator@^1.2.0
│ ├── UNMET OPTIONAL DEPENDENCY class-transformer@>=0.4.0
│ ├── UNMET OPTIONAL DEPENDENCY class-validator@>=0.12.0
│ ├── UNMET OPTIONAL DEPENDENCY computed-types@^1.0.0
│ ├── UNMET OPTIONAL DEPENDENCY effect@^3.10.3
│ ├── UNMET OPTIONAL DEPENDENCY fluentvalidation-ts@^3.0.0
│ ├── UNMET OPTIONAL DEPENDENCY fp-ts@^2.7.0
│ ├── UNMET OPTIONAL DEPENDENCY io-ts@^2.0.0
│ ├── UNMET OPTIONAL DEPENDENCY joi@^17.0.0
│ ├── UNMET OPTIONAL DEPENDENCY nope-validator@>=0.12.0
│ ├── react-hook-form@7.85.0 deduped
│ ├── UNMET OPTIONAL DEPENDENCY superstruct@>=0.12.0
│ ├── UNMET OPTIONAL DEPENDENCY typanion@^3.3.2
│ ├── UNMET OPTIONAL DEPENDENCY valibot@>=0.31.0 || ^1.0.0-beta.4 || ^1.0.0-rc
│ ├── UNMET OPTIONAL DEPENDENCY vest@>=3.0.0
│ ├── UNMET OPTIONAL DEPENDENCY yup@^1.0.0
│ └── zod@3.25.76 deduped
├─┬ @img/sharp-wasm32@0.35.4 extraneous
│ └── @emnapi/runtime@1.11.3 deduped
├─┬ @shadcn/react@0.3.0
│ ├── @types/react@19.2.14 deduped
│ └── react@19.2.8 deduped
├─┬ @tailwindcss/postcss@4.2.1
│ ├── @alloc/quick-lru@5.2.0
│ ├─┬ @tailwindcss/node@4.2.1
│ │ ├─┬ @jridgewell/remapping@2.3.5
│ │ │ ├─┬ @jridgewell/gen-mapping@0.3.13
│ │ │ │ ├── @jridgewell/sourcemap-codec@1.5.5 deduped
│ │ │ │ └── @jridgewell/trace-mapping@0.3.31 deduped
│ │ │ └─┬ @jridgewell/trace-mapping@0.3.31
│ │ │   ├── @jridgewell/resolve-uri@3.1.2 deduped
│ │ │   └── @jridgewell/sourcemap-codec@1.5.5 deduped
│ │ ├─┬ enhanced-resolve@5.21.3
│ │ │ ├── graceful-fs@4.2.11 deduped
│ │ │ └── tapable@2.3.3 deduped
│ │ ├── jiti@2.7.0 deduped
│ │ ├─┬ lightningcss@1.31.1
│ │ │ ├── detect-libc@2.1.2 deduped
│ │ │ ├── UNMET OPTIONAL DEPENDENCY lightningcss-android-arm64@1.31.1
│ │ │ ├── UNMET OPTIONAL DEPENDENCY lightningcss-darwin-arm64@1.31.1
│ │ │ ├── UNMET OPTIONAL DEPENDENCY lightningcss-darwin-x64@1.31.1
│ │ │ ├── UNMET OPTIONAL DEPENDENCY lightningcss-freebsd-x64@1.31.1
│ │ │ ├── UNMET OPTIONAL DEPENDENCY lightningcss-linux-arm-gnueabihf@1.31.1
│ │ │ ├── UNMET OPTIONAL DEPENDENCY lightningcss-linux-arm64-gnu@1.31.1
│ │ │ ├── UNMET OPTIONAL DEPENDENCY lightningcss-linux-arm64-musl@1.31.1
│ │ │ ├── lightningcss-linux-x64-gnu@1.31.1
│ │ │ ├── lightningcss-linux-x64-musl@1.31.1
│ │ │ ├── UNMET OPTIONAL DEPENDENCY lightningcss-win32-arm64-msvc@1.31.1
│ │ │ └── UNMET OPTIONAL DEPENDENCY lightningcss-win32-x64-msvc@1.31.1
│ │ ├── magic-string@0.30.21 deduped
│ │ ├── source-map-js@1.2.1
│ │ └── tailwindcss@4.2.1 deduped
│ ├─┬ @tailwindcss/oxide@4.2.1
│ │ ├── UNMET OPTIONAL DEPENDENCY @tailwindcss/oxide-android-arm64@4.2.1
│ │ ├── UNMET OPTIONAL DEPENDENCY @tailwindcss/oxide-darwin-arm64@4.2.1
│ │ ├── UNMET OPTIONAL DEPENDENCY @tailwindcss/oxide-darwin-x64@4.2.1
│ │ ├── UNMET OPTIONAL DEPENDENCY @tailwindcss/oxide-freebsd-x64@4.2.1
│ │ ├── UNMET OPTIONAL DEPENDENCY @tailwindcss/oxide-linux-arm-gnueabihf@4.2.1
│ │ ├── UNMET OPTIONAL DEPENDENCY @tailwindcss/oxide-linux-arm64-gnu@4.2.1
│ │ ├── UNMET OPTIONAL DEPENDENCY @tailwindcss/oxide-linux-arm64-musl@4.2.1
│ │ ├── @tailwindcss/oxide-linux-x64-gnu@4.2.1
│ │ ├── @tailwindcss/oxide-linux-x64-musl@4.2.1
│ │ ├── UNMET OPTIONAL DEPENDENCY @tailwindcss/oxide-wasm32-wasi@4.2.1
│ │ ├── UNMET OPTIONAL DEPENDENCY @tailwindcss/oxide-win32-arm64-msvc@4.2.1
│ │ └── UNMET OPTIONAL DEPENDENCY @tailwindcss/oxide-win32-x64-msvc@4.2.1
│ ├─┬ postcss@8.5.26
│ │ ├── nanoid@3.3.18
│ │ ├── picocolors@1.1.1
│ │ └── source-map-js@1.2.1 deduped
│ └── tailwindcss@4.2.1 deduped
├─┬ @types/node@22.19.19
│ └── undici-types@6.21.0
├─┬ @types/react-dom@19.2.3
│ └── @types/react@19.2.14 deduped
├─┬ @types/react@19.2.14
│ └── csstype@3.2.3
├─┬ @vitejs/plugin-react@6.0.2
│ ├── UNMET OPTIONAL DEPENDENCY @rolldown/plugin-babel@^0.1.7 || ^0.2.0
│ ├── @rolldown/pluginutils@1.0.1
│ ├── UNMET OPTIONAL DEPENDENCY babel-plugin-react-compiler@^1.0.0
│ └── vite@8.2.2 deduped
├─┬ @vitejs/plugin-rsc@0.5.34
│ ├── @rolldown/pluginutils@1.0.1 deduped
│ ├── es-module-lexer@2.3.2
│ ├─┬ estree-walker@3.0.3
│ │ └── @types/estree@1.0.9 deduped
│ ├─┬ magic-string@0.30.21
│ │ └── @jridgewell/sourcemap-codec@1.5.5
│ ├── react-dom@19.2.8 deduped
│ ├── react-server-dom-webpack@19.2.8 deduped
│ ├── react@19.2.8 deduped
│ ├── srvx@0.12.7
│ ├─┬ strip-literal@3.1.0
│ │ └── js-tokens@9.0.1
│ ├── turbo-stream@3.2.0
│ ├── vite@8.2.2 deduped
│ └─┬ vitefu@1.1.3
│   └── vite@8.2.2 deduped
├─┬ class-variance-authority@0.7.1
│ └── clsx@2.1.1 deduped
├── clsx@2.1.1
├─┬ cmdk@1.1.1
│ ├─┬ @radix-ui/react-compose-refs@1.1.2
│ │ ├── @types/react@19.2.14 deduped
│ │ └── react@19.2.8 deduped
│ ├─┬ @radix-ui/react-dialog@1.1.23
│ │ ├── @radix-ui/primitive@1.1.7 deduped
│ │ ├─┬ @radix-ui/react-compose-refs@1.1.5
│ │ │ ├── @types/react@19.2.14 deduped
│ │ │ └── react@19.2.8 deduped
│ │ ├── @radix-ui/react-context@1.2.2 deduped
│ │ ├── @radix-ui/react-dismissable-layer@1.1.19 deduped
│ │ ├── @radix-ui/react-focus-guards@1.1.6 deduped
│ │ ├── @radix-ui/react-focus-scope@1.1.16 deduped
│ │ ├── @radix-ui/react-id@1.1.4 deduped
│ │ ├── @radix-ui/react-portal@1.1.17 deduped
│ │ ├── @radix-ui/react-presence@1.1.10 deduped
│ │ ├── @radix-ui/react-primitive@2.1.10 deduped
│ │ ├─┬ @radix-ui/react-slot@1.3.3
│ │ │ ├── @radix-ui/react-compose-refs@1.1.5 deduped
│ │ │ ├── @types/react@19.2.14 deduped
│ │ │ └── react@19.2.8 deduped
│ │ ├── @radix-ui/react-use-controllable-state@1.2.6 deduped
│ │ ├── @radix-ui/react-use-layout-effect@1.1.4 deduped
│ │ ├── @types/react-dom@19.2.3 deduped
│ │ ├── @types/react@19.2.14 deduped
│ │ ├─┬ aria-hidden@1.2.6
│ │ │ └── tslib@2.8.1 deduped
│ │ ├── react-dom@19.2.8 deduped
│ │ ├─┬ react-remove-scroll@2.7.2
│ │ │ ├── @types/react@19.2.14 deduped
│ │ │ ├─┬ react-remove-scroll-bar@2.3.8
│ │ │ │ ├── @types/react@19.2.14 deduped
│ │ │ │ ├── react-style-singleton@2.2.3 deduped
│ │ │ │ ├── react@19.2.8 deduped
│ │ │ │ └── tslib@2.8.1 deduped
│ │ │ ├─┬ react-style-singleton@2.2.3
│ │ │ │ ├── @types/react@19.2.14 deduped
│ │ │ │ ├── get-nonce@1.0.1
│ │ │ │ ├── react@19.2.8 deduped
│ │ │ │ └── tslib@2.8.1 deduped
│ │ │ ├── react@19.2.8 deduped
│ │ │ ├── tslib@2.8.1 deduped
│ │ │ ├─┬ use-callback-ref@1.3.3
│ │ │ │ ├── @types/react@19.2.14 deduped
│ │ │ │ ├── react@19.2.8 deduped
│ │ │ │ └── tslib@2.8.1 deduped
│ │ │ └─┬ use-sidecar@1.1.3
│ │ │   ├── @types/react@19.2.14 deduped
│ │ │   ├── detect-node-es@1.1.0
│ │ │   ├── react@19.2.8 deduped
│ │ │   └── tslib@2.8.1 deduped
│ │ └── react@19.2.8 deduped
│ ├─┬ @radix-ui/react-id@1.1.4
│ │ ├── @radix-ui/react-use-layout-effect@1.1.4 deduped
│ │ ├── @types/react@19.2.14 deduped
│ │ └── react@19.2.8 deduped
│ ├─┬ @radix-ui/react-primitive@2.1.10
│ │ ├─┬ @radix-ui/react-slot@1.3.3
│ │ │ ├─┬ @radix-ui/react-compose-refs@1.1.5
│ │ │ │ ├── @types/react@19.2.14 deduped
│ │ │ │ └── react@19.2.8 deduped
│ │ │ ├── @types/react@19.2.14 deduped
│ │ │ └── react@19.2.8 deduped
│ │ ├── @types/react-dom@19.2.3 deduped
│ │ ├── @types/react@19.2.14 deduped
│ │ ├── react-dom@19.2.8 deduped
│ │ └── react@19.2.8 deduped
│ ├── react-dom@19.2.8 deduped
│ └── react@19.2.8 deduped
├── date-fns@4.4.0
├─┬ embla-carousel-react@8.6.0
│ ├─┬ embla-carousel-reactive-utils@8.6.0
│ │ └── embla-carousel@8.6.0 deduped
│ ├── embla-carousel@8.6.0
│ └── react@19.2.8 deduped
├─┬ eslint-config-next@16.3.3
│ ├─┬ @next/eslint-plugin-next@16.3.3
│ │ ├── @eslint-community/eslint-utils@4.9.1 deduped
│ │ └─┬ fast-glob@3.3.1
│ │   ├── @nodelib/fs.stat@2.0.5
│ │   ├─┬ @nodelib/fs.walk@1.2.8
│ │   │ ├─┬ @nodelib/fs.scandir@2.1.5
│ │   │ │ ├── @nodelib/fs.stat@2.0.5 deduped
│ │   │ │ └─┬ run-parallel@1.2.0
│ │   │ │   └── queue-microtask@1.2.3
│ │   │ └─┬ fastq@1.20.1
│ │   │   └── reusify@1.1.0
│ │   ├─┬ glob-parent@5.1.2
│ │   │ └── is-glob@4.0.3 deduped
│ │   ├── merge2@1.4.1
│ │   └─┬ micromatch@4.0.8
│ │     ├─┬ braces@3.0.3
│ │     │ └─┬ fill-range@7.1.1
│ │     │   └─┬ to-regex-range@5.0.1
│ │     │     └── is-number@7.0.0
│ │     └── picomatch@2.3.2
│ ├─┬ eslint-import-resolver-node@0.3.10
│ │ ├─┬ debug@3.2.7
│ │ │ └── ms@2.1.3 deduped
│ │ ├─┬ is-core-module@2.16.2
│ │ │ └── hasown@2.0.3 deduped
│ │ └─┬ resolve@2.0.0-next.7
│ │   ├── es-errors@1.3.0
│ │   ├── is-core-module@2.16.2 deduped
│ │   ├─┬ node-exports-info@1.6.0
│ │   │ ├── array.prototype.flatmap@1.3.3 deduped
│ │   │ ├── es-errors@1.3.0 deduped
│ │   │ ├── object.entries@1.1.9 deduped
│ │   │ └── semver@6.3.1 deduped
│ │   ├── object-keys@1.1.1
│ │   ├── path-parse@1.0.7
│ │   └── supports-preserve-symlinks-flag@1.0.0
│ ├─┬ eslint-import-resolver-typescript@3.10.1
│ │ ├── @nolyfill/is-core-module@1.0.39
│ │ ├── debug@4.4.3 deduped
│ │ ├── UNMET OPTIONAL DEPENDENCY eslint-plugin-import-x@*
│ │ ├── eslint-plugin-import@2.32.0 deduped
│ │ ├── eslint@9.39.4 deduped
│ │ ├─┬ get-tsconfig@4.14.0
│ │ │ └── resolve-pkg-maps@1.0.0
│ │ ├─┬ is-bun-module@2.0.0
│ │ │ └── semver@7.8.0
│ │ ├── stable-hash@0.0.5
│ │ ├── tinyglobby@0.2.17 deduped
│ │ └─┬ unrs-resolver@1.11.1
│ │   ├── UNMET OPTIONAL DEPENDENCY @unrs/resolver-binding-android-arm-eabi@1.11.1
│ │   ├── UNMET OPTIONAL DEPENDENCY @unrs/resolver-binding-android-arm64@1.11.1
│ │   ├── UNMET OPTIONAL DEPENDENCY @unrs/resolver-binding-darwin-arm64@1.11.1
│ │   ├── UNMET OPTIONAL DEPENDENCY @unrs/resolver-binding-darwin-x64@1.11.1
│ │   ├── UNMET OPTIONAL DEPENDENCY @unrs/resolver-binding-freebsd-x64@1.11.1
│ │   ├── UNMET OPTIONAL DEPENDENCY @unrs/resolver-binding-linux-arm-gnueabihf@1.11.1
│ │   ├── UNMET OPTIONAL DEPENDENCY @unrs/resolver-binding-linux-arm-musleabihf@1.11.1
│ │   ├── UNMET OPTIONAL DEPENDENCY @unrs/resolver-binding-linux-arm64-gnu@1.11.1
│ │   ├── UNMET OPTIONAL DEPENDENCY @unrs/resolver-binding-linux-arm64-musl@1.11.1
│ │   ├── UNMET OPTIONAL DEPENDENCY @unrs/resolver-binding-linux-ppc64-gnu@1.11.1
│ │   ├── UNMET OPTIONAL DEPENDENCY @unrs/resolver-binding-linux-riscv64-gnu@1.11.1
│ │   ├── UNMET OPTIONAL DEPENDENCY @unrs/resolver-binding-linux-riscv64-musl@1.11.1
│ │   ├── UNMET OPTIONAL DEPENDENCY @unrs/resolver-binding-linux-s390x-gnu@1.11.1
│ │   ├── @unrs/resolver-binding-linux-x64-gnu@1.11.1
│ │   ├── @unrs/resolver-binding-linux-x64-musl@1.11.1
│ │   ├── UNMET OPTIONAL DEPENDENCY @unrs/resolver-binding-wasm32-wasi@1.11.1
│ │   ├── UNMET OPTIONAL DEPENDENCY @unrs/resolver-binding-win32-arm64-msvc@1.11.1
│ │   ├── UNMET OPTIONAL DEPENDENCY @unrs/resolver-binding-win32-ia32-msvc@1.11.1
│ │   ├── UNMET OPTIONAL DEPENDENCY @unrs/resolver-binding-win32-x64-msvc@1.11.1
│ │   └── napi-postinstall@0.3.4
│ ├─┬ eslint-plugin-import@2.32.0
│ │ ├── @rtsao/scc@1.1.0
│ │ ├─┬ array-includes@3.1.9
│ │ │ ├─┬ call-bind@1.0.9
│ │ │ │ ├─┬ call-bind-apply-helpers@1.0.2
│ │ │ │ │ ├── es-errors@1.3.0 deduped
│ │ │ │ │ └── function-bind@1.1.2 deduped
│ │ │ │ ├── es-define-property@1.0.1
│ │ │ │ ├── get-intrinsic@1.3.0 deduped
│ │ │ │ └─┬ set-function-length@1.2.2
│ │ │ │   ├── define-data-property@1.1.4 deduped
│ │ │ │   ├── es-errors@1.3.0 deduped
│ │ │ │   ├── function-bind@1.1.2 deduped
│ │ │ │   ├── get-intrinsic@1.3.0 deduped
│ │ │ │   ├── gopd@1.2.0 deduped
│ │ │ │   └── has-property-descriptors@1.0.2 deduped
│ │ │ ├─┬ call-bound@1.0.4
│ │ │ │ ├── call-bind-apply-helpers@1.0.2 deduped
│ │ │ │ └── get-intrinsic@1.3.0 deduped
│ │ │ ├─┬ define-properties@1.2.1
│ │ │ │ ├─┬ define-data-property@1.1.4
│ │ │ │ │ ├── es-define-property@1.0.1 deduped
│ │ │ │ │ ├── es-errors@1.3.0 deduped
│ │ │ │ │ └── gopd@1.2.0 deduped
│ │ │ │ ├── has-property-descriptors@1.0.2 deduped
│ │ │ │ └── object-keys@1.1.1 deduped
│ │ │ ├─┬ es-abstract@1.24.2
│ │ │ │ ├─┬ array-buffer-byte-length@1.0.2
│ │ │ │ │ ├── call-bound@1.0.4 deduped
│ │ │ │ │ └── is-array-buffer@3.0.5 deduped
│ │ │ │ ├─┬ arraybuffer.prototype.slice@1.0.4
│ │ │ │ │ ├── array-buffer-byte-length@1.0.2 deduped
│ │ │ │ │ ├── call-bind@1.0.9 deduped
│ │ │ │ │ ├── define-properties@1.2.1 deduped
│ │ │ │ │ ├── es-abstract@1.24.2 deduped
│ │ │ │ │ ├── es-errors@1.3.0 deduped
│ │ │ │ │ ├── get-intrinsic@1.3.0 deduped
│ │ │ │ │ └── is-array-buffer@3.0.5 deduped
│ │ │ │ ├─┬ available-typed-arrays@1.0.7
│ │ │ │ │ └── possible-typed-array-names@1.1.0
│ │ │ │ ├── call-bind@1.0.9 deduped
│ │ │ │ ├── call-bound@1.0.4 deduped
│ │ │ │ ├─┬ data-view-buffer@1.0.2
│ │ │ │ │ ├── call-bound@1.0.4 deduped
│ │ │ │ │ ├── es-errors@1.3.0 deduped
│ │ │ │ │ └── is-data-view@1.0.2 deduped
│ │ │ │ ├─┬ data-view-byte-length@1.0.2
│ │ │ │ │ ├── call-bound@1.0.4 deduped
│ │ │ │ │ ├── es-errors@1.3.0 deduped
│ │ │ │ │ └── is-data-view@1.0.2 deduped
│ │ │ │ ├─┬ data-view-byte-offset@1.0.1
│ │ │ │ │ ├── call-bound@1.0.4 deduped
│ │ │ │ │ ├── es-errors@1.3.0 deduped
│ │ │ │ │ └── is-data-view@1.0.2 deduped
│ │ │ │ ├── es-define-property@1.0.1 deduped
│ │ │ │ ├── es-errors@1.3.0 deduped
│ │ │ │ ├── es-object-atoms@1.1.1 deduped
│ │ │ │ ├── es-set-tostringtag@2.1.0 deduped
│ │ │ │ ├─┬ es-to-primitive@1.3.0
│ │ │ │ │ ├── is-callable@1.2.7 deduped
│ │ │ │ │ ├─┬ is-date-object@1.1.0
│ │ │ │ │ │ ├── call-bound@1.0.4 deduped
│ │ │ │ │ │ └── has-tostringtag@1.0.2 deduped
│ │ │ │ │ └─┬ is-symbol@1.1.1
│ │ │ │ │   ├── call-bound@1.0.4 deduped
│ │ │ │ │   ├── has-symbols@1.1.0 deduped
│ │ │ │ │   └── safe-regex-test@1.1.0 deduped
│ │ │ │ ├─┬ function.prototype.name@1.1.8
│ │ │ │ │ ├── call-bind@1.0.9 deduped
│ │ │ │ │ ├── call-bound@1.0.4 deduped
│ │ │ │ │ ├── define-properties@1.2.1 deduped
│ │ │ │ │ ├── functions-have-names@1.2.3 deduped
│ │ │ │ │ ├── hasown@2.0.3 deduped
│ │ │ │ │ └── is-callable@1.2.7 deduped
│ │ │ │ ├── get-intrinsic@1.3.0 deduped
│ │ │ │ ├─┬ get-proto@1.0.1
│ │ │ │ │ ├── dunder-proto@1.0.1 deduped
│ │ │ │ │ └── es-object-atoms@1.1.1 deduped
│ │ │ │ ├─┬ get-symbol-description@1.1.0
│ │ │ │ │ ├── call-bound@1.0.4 deduped
│ │ │ │ │ ├── es-errors@1.3.0 deduped
│ │ │ │ │ └── get-intrinsic@1.3.0 deduped
│ │ │ │ ├── globalthis@1.0.4 deduped
│ │ │ │ ├── gopd@1.2.0 deduped
│ │ │ │ ├── has-property-descriptors@1.0.2 deduped
│ │ │ │ ├── has-proto@1.2.0 deduped
│ │ │ │ ├── has-symbols@1.1.0 deduped
│ │ │ │ ├── hasown@2.0.3 deduped
│ │ │ │ ├── internal-slot@1.1.0 deduped
│ │ │ │ ├─┬ is-array-buffer@3.0.5
│ │ │ │ │ ├── call-bind@1.0.9 deduped
│ │ │ │ │ ├── call-bound@1.0.4 deduped
│ │ │ │ │ └── get-intrinsic@1.3.0 deduped
│ │ │ │ ├── is-callable@1.2.7
│ │ │ │ ├─┬ is-data-view@1.0.2
│ │ │ │ │ ├── call-bound@1.0.4 deduped
│ │ │ │ │ ├── get-intrinsic@1.3.0 deduped
│ │ │ │ │ └── is-typed-array@1.1.15 deduped
│ │ │ │ ├── is-negative-zero@2.0.3
│ │ │ │ ├── is-regex@1.2.1 deduped
│ │ │ │ ├── is-set@2.0.3
│ │ │ │ ├─┬ is-shared-array-buffer@1.0.4
│ │ │ │ │ └── call-bound@1.0.4 deduped
│ │ │ │ ├── is-string@1.1.1 deduped
│ │ │ │ ├─┬ is-typed-array@1.1.15
│ │ │ │ │ └── which-typed-array@1.1.20 deduped
│ │ │ │ ├─┬ is-weakref@1.1.1
│ │ │ │ │ └── call-bound@1.0.4 deduped
│ │ │ │ ├── math-intrinsics@1.1.0 deduped
│ │ │ │ ├── object-inspect@1.13.4
│ │ │ │ ├── object-keys@1.1.1 deduped
│ │ │ │ ├── object.assign@4.1.7 deduped
│ │ │ │ ├─┬ own-keys@1.0.1
│ │ │ │ │ ├── get-intrinsic@1.3.0 deduped
│ │ │ │ │ ├── object-keys@1.1.1 deduped
│ │ │ │ │ └── safe-push-apply@1.0.0 deduped
│ │ │ │ ├── regexp.prototype.flags@1.5.4 deduped
│ │ │ │ ├─┬ safe-array-concat@1.1.4
│ │ │ │ │ ├── call-bind@1.0.9 deduped
│ │ │ │ │ ├── call-bound@1.0.4 deduped
│ │ │ │ │ ├── get-intrinsic@1.3.0 deduped
│ │ │ │ │ ├── has-symbols@1.1.0 deduped
│ │ │ │ │ └── isarray@2.0.5
│ │ │ │ ├─┬ safe-push-apply@1.0.0
│ │ │ │ │ ├── es-errors@1.3.0 deduped
│ │ │ │ │ └── isarray@2.0.5 deduped
│ │ │ │ ├── safe-regex-test@1.1.0 deduped
│ │ │ │ ├─┬ set-proto@1.0.0
│ │ │ │ │ ├── dunder-proto@1.0.1 deduped
│ │ │ │ │ ├── es-errors@1.3.0 deduped
│ │ │ │ │ └── es-object-atoms@1.1.1 deduped
│ │ │ │ ├─┬ stop-iteration-iterator@1.1.0
│ │ │ │ │ ├── es-errors@1.3.0 deduped
│ │ │ │ │ └── internal-slot@1.1.0 deduped
│ │ │ │ ├─┬ string.prototype.trim@1.2.10
│ │ │ │ │ ├── call-bind@1.0.9 deduped
│ │ │ │ │ ├── call-bound@1.0.4 deduped
│ │ │ │ │ ├── define-data-property@1.1.4 deduped
│ │ │ │ │ ├── define-properties@1.2.1 deduped
│ │ │ │ │ ├── es-abstract@1.24.2 deduped
│ │ │ │ │ ├── es-object-atoms@1.1.1 deduped
│ │ │ │ │ └── has-property-descriptors@1.0.2 deduped
│ │ │ │ ├── string.prototype.trimend@1.0.9 deduped
│ │ │ │ ├─┬ string.prototype.trimstart@1.0.8
│ │ │ │ │ ├── call-bind@1.0.9 deduped
│ │ │ │ │ ├── define-properties@1.2.1 deduped
│ │ │ │ │ └── es-object-atoms@1.1.1 deduped
│ │ │ │ ├─┬ typed-array-buffer@1.0.3
│ │ │ │ │ ├── call-bound@1.0.4 deduped
│ │ │ │ │ ├── es-errors@1.3.0 deduped
│ │ │ │ │ └── is-typed-array@1.1.15 deduped
│ │ │ │ ├─┬ typed-array-byte-length@1.0.3
│ │ │ │ │ ├── call-bind@1.0.9 deduped
│ │ │ │ │ ├─┬ for-each@0.3.5
│ │ │ │ │ │ └── is-callable@1.2.7 deduped
│ │ │ │ │ ├── gopd@1.2.0 deduped
│ │ │ │ │ ├── has-proto@1.2.0 deduped
│ │ │ │ │ └── is-typed-array@1.1.15 deduped
│ │ │ │ ├─┬ typed-array-byte-offset@1.0.4
│ │ │ │ │ ├── available-typed-arrays@1.0.7 deduped
│ │ │ │ │ ├── call-bind@1.0.9 deduped
│ │ │ │ │ ├── for-each@0.3.5 deduped
│ │ │ │ │ ├── gopd@1.2.0 deduped
│ │ │ │ │ ├── has-proto@1.2.0 deduped
│ │ │ │ │ ├── is-typed-array@1.1.15 deduped
│ │ │ │ │ └─┬ reflect.getprototypeof@1.0.10
│ │ │ │ │   ├── call-bind@1.0.9 deduped
│ │ │ │ │   ├── define-properties@1.2.1 deduped
│ │ │ │ │   ├── es-abstract@1.24.2 deduped
│ │ │ │ │   ├── es-errors@1.3.0 deduped
│ │ │ │ │   ├── es-object-atoms@1.1.1 deduped
│ │ │ │ │   ├── get-intrinsic@1.3.0 deduped
│ │ │ │ │   ├── get-proto@1.0.1 deduped
│ │ │ │ │   └─┬ which-builtin-type@1.2.1
│ │ │ │ │     ├── call-bound@1.0.4 deduped
│ │ │ │ │     ├── function.prototype.name@1.1.8 deduped
│ │ │ │ │     ├── has-tostringtag@1.0.2 deduped
│ │ │ │ │     ├─┬ is-async-function@2.1.1
│ │ │ │ │     │ ├── async-function@1.0.0
│ │ │ │ │     │ ├── call-bound@1.0.4 deduped
│ │ │ │ │     │ ├── get-proto@1.0.1 deduped
│ │ │ │ │     │ ├── has-tostringtag@1.0.2 deduped
│ │ │ │ │     │ └── safe-regex-test@1.1.0 deduped
│ │ │ │ │     ├── is-date-object@1.1.0 deduped
│ │ │ │ │     ├─┬ is-finalizationregistry@1.1.1
│ │ │ │ │     │ └── call-bound@1.0.4 deduped
│ │ │ │ │     ├─┬ is-generator-function@1.1.2
│ │ │ │ │     │ ├── call-bound@1.0.4 deduped
│ │ │ │ │     │ ├── generator-function@2.0.1
│ │ │ │ │     │ ├── get-proto@1.0.1 deduped
│ │ │ │ │     │ ├── has-tostringtag@1.0.2 deduped
│ │ │ │ │     │ └── safe-regex-test@1.1.0 deduped
│ │ │ │ │     ├── is-regex@1.2.1 deduped
│ │ │ │ │     ├── is-weakref@1.1.1 deduped
│ │ │ │ │     ├── isarray@2.0.5 deduped
│ │ │ │ │     ├── which-boxed-primitive@1.1.1 deduped
│ │ │ │ │     ├─┬ which-collection@1.0.2
│ │ │ │ │     │ ├── is-map@2.0.3
│ │ │ │ │     │ ├── is-set@2.0.3 deduped
│ │ │ │ │     │ ├── is-weakmap@2.0.2
│ │ │ │ │     │ └─┬ is-weakset@2.0.4
│ │ │ │ │     │   ├── call-bound@1.0.4 deduped
│ │ │ │ │     │   └── get-intrinsic@1.3.0 deduped
│ │ │ │ │     └── which-typed-array@1.1.20 deduped
│ │ │ │ ├─┬ typed-array-length@1.0.7
│ │ │ │ │ ├── call-bind@1.0.9 deduped
│ │ │ │ │ ├── for-each@0.3.5 deduped
│ │ │ │ │ ├── gopd@1.2.0 deduped
│ │ │ │ │ ├── is-typed-array@1.1.15 deduped
│ │ │ │ │ ├── possible-typed-array-names@1.1.0 deduped
│ │ │ │ │ └── reflect.getprototypeof@1.0.10 deduped
│ │ │ │ ├─┬ unbox-primitive@1.1.0
│ │ │ │ │ ├── call-bound@1.0.4 deduped
│ │ │ │ │ ├── has-bigints@1.1.0
│ │ │ │ │ ├── has-symbols@1.1.0 deduped
│ │ │ │ │ └─┬ which-boxed-primitive@1.1.1
│ │ │ │ │   ├─┬ is-bigint@1.1.0
│ │ │ │ │   │ └── has-bigints@1.1.0 deduped
│ │ │ │ │   ├─┬ is-boolean-object@1.2.2
│ │ │ │ │   │ ├── call-bound@1.0.4 deduped
│ │ │ │ │   │ └── has-tostringtag@1.0.2 deduped
│ │ │ │ │   ├─┬ is-number-object@1.1.1
│ │ │ │ │   │ ├── call-bound@1.0.4 deduped
│ │ │ │ │   │ └── has-tostringtag@1.0.2 deduped
│ │ │ │ │   ├── is-string@1.1.1 deduped
│ │ │ │ │   └── is-symbol@1.1.1 deduped
│ │ │ │ └─┬ which-typed-array@1.1.20
│ │ │ │   ├── available-typed-arrays@1.0.7 deduped
│ │ │ │   ├── call-bind@1.0.9 deduped
│ │ │ │   ├── call-bound@1.0.4 deduped
│ │ │ │   ├── for-each@0.3.5 deduped
│ │ │ │   ├── get-proto@1.0.1 deduped
│ │ │ │   ├── gopd@1.2.0 deduped
│ │ │ │   └── has-tostringtag@1.0.2 deduped
│ │ │ ├─┬ es-object-atoms@1.1.1
│ │ │ │ └── es-errors@1.3.0 deduped
│ │ │ ├─┬ get-intrinsic@1.3.0
│ │ │ │ ├── call-bind-apply-helpers@1.0.2 deduped
│ │ │ │ ├── es-define-property@1.0.1 deduped
│ │ │ │ ├── es-errors@1.3.0 deduped
│ │ │ │ ├── es-object-atoms@1.1.1 deduped
│ │ │ │ ├── function-bind@1.1.2 deduped
│ │ │ │ ├── get-proto@1.0.1 deduped
│ │ │ │ ├── gopd@1.2.0 deduped
│ │ │ │ ├── has-symbols@1.1.0 deduped
│ │ │ │ ├── hasown@2.0.3 deduped
│ │ │ │ └── math-intrinsics@1.1.0 deduped
│ │ │ ├─┬ is-string@1.1.1
│ │ │ │ ├── call-bound@1.0.4 deduped
│ │ │ │ └─┬ has-tostringtag@1.0.2
│ │ │ │   └── has-symbols@1.1.0 deduped
│ │ │ └── math-intrinsics@1.1.0
│ │ ├─┬ array.prototype.findlastindex@1.2.6
│ │ │ ├── call-bind@1.0.9 deduped
│ │ │ ├── call-bound@1.0.4 deduped
│ │ │ ├── define-properties@1.2.1 deduped
│ │ │ ├── es-abstract@1.24.2 deduped
│ │ │ ├── es-errors@1.3.0 deduped
│ │ │ ├── es-object-atoms@1.1.1 deduped
│ │ │ └─┬ es-shim-unscopables@1.1.0
│ │ │   └── hasown@2.0.3 deduped
│ │ ├─┬ array.prototype.flat@1.3.3
│ │ │ ├── call-bind@1.0.9 deduped
│ │ │ ├── define-properties@1.2.1 deduped
│ │ │ ├── es-abstract@1.24.2 deduped
│ │ │ └── es-shim-unscopables@1.1.0 deduped
│ │ ├─┬ array.prototype.flatmap@1.3.3
│ │ │ ├── call-bind@1.0.9 deduped
│ │ │ ├── define-properties@1.2.1 deduped
│ │ │ ├── es-abstract@1.24.2 deduped
│ │ │ └── es-shim-unscopables@1.1.0 deduped
│ │ ├─┬ debug@3.2.7
│ │ │ └── ms@2.1.3 deduped
│ │ ├─┬ doctrine@2.1.0
│ │ │ └── esutils@2.0.3 deduped
│ │ ├── eslint-import-resolver-node@0.3.10 deduped
│ │ ├─┬ eslint-module-utils@2.12.1
│ │ │ └─┬ debug@3.2.7
│ │ │   └── ms@2.1.3 deduped
│ │ ├── eslint@9.39.4 deduped
│ │ ├─┬ hasown@2.0.3
│ │ │ └── function-bind@1.1.2
│ │ ├── is-core-module@2.16.2 deduped
│ │ ├── is-glob@4.0.3 deduped
│ │ ├── minimatch@3.1.5 deduped
│ │ ├─┬ object.fromentries@2.0.8
│ │ │ ├── call-bind@1.0.9 deduped
│ │ │ ├── define-properties@1.2.1 deduped
│ │ │ ├── es-abstract@1.24.2 deduped
│ │ │ └── es-object-atoms@1.1.1 deduped
│ │ ├─┬ object.groupby@1.0.3
│ │ │ ├── call-bind@1.0.9 deduped
│ │ │ ├── define-properties@1.2.1 deduped
│ │ │ └── es-abstract@1.24.2 deduped
│ │ ├─┬ object.values@1.2.1
│ │ │ ├── call-bind@1.0.9 deduped
│ │ │ ├── call-bound@1.0.4 deduped
│ │ │ ├── define-properties@1.2.1 deduped
│ │ │ └── es-object-atoms@1.1.1 deduped
│ │ ├── semver@6.3.1
│ │ ├─┬ string.prototype.trimend@1.0.9
│ │ │ ├── call-bind@1.0.9 deduped
│ │ │ ├── call-bound@1.0.4 deduped
│ │ │ ├── define-properties@1.2.1 deduped
│ │ │ └── es-object-atoms@1.1.1 deduped
│ │ └─┬ tsconfig-paths@3.15.0
│ │   ├── @types/json5@0.0.29
│ │   ├─┬ json5@1.0.2
│ │   │ └── minimist@1.2.8 deduped
│ │   ├── minimist@1.2.8
│ │   └── strip-bom@3.0.0
│ ├─┬ eslint-plugin-jsx-a11y@6.10.2
│ │ ├── aria-query@5.3.2
│ │ ├── array-includes@3.1.9 deduped
│ │ ├── array.prototype.flatmap@1.3.3 deduped
│ │ ├── ast-types-flow@0.0.8
│ │ ├── axe-core@4.11.4
│ │ ├── axobject-query@4.1.0
│ │ ├── damerau-levenshtein@1.0.8
│ │ ├── emoji-regex@9.2.2
│ │ ├── eslint@9.39.4 deduped
│ │ ├── hasown@2.0.3 deduped
│ │ ├─┬ jsx-ast-utils@3.3.5
│ │ │ ├── array-includes@3.1.9 deduped
│ │ │ ├── array.prototype.flat@1.3.3 deduped
│ │ │ ├─┬ object.assign@4.1.7
│ │ │ │ ├── call-bind@1.0.9 deduped
│ │ │ │ ├── call-bound@1.0.4 deduped
│ │ │ │ ├── define-properties@1.2.1 deduped
│ │ │ │ ├── es-object-atoms@1.1.1 deduped
│ │ │ │ ├── has-symbols@1.1.0 deduped
│ │ │ │ └── object-keys@1.1.1 deduped
│ │ │ └── object.values@1.2.1 deduped
│ │ ├─┬ language-tags@1.0.9
│ │ │ └── language-subtag-registry@0.3.23
│ │ ├── minimatch@3.1.5 deduped
│ │ ├── object.fromentries@2.0.8 deduped
│ │ ├─┬ safe-regex-test@1.1.0
│ │ │ ├── call-bound@1.0.4 deduped
│ │ │ ├── es-errors@1.3.0 deduped
│ │ │ └─┬ is-regex@1.2.1
│ │ │   ├── call-bound@1.0.4 deduped
│ │ │   ├── gopd@1.2.0 deduped
│ │ │   ├── has-tostringtag@1.0.2 deduped
│ │ │   └── hasown@2.0.3 deduped
│ │ └─┬ string.prototype.includes@2.0.1
│ │   ├── call-bind@1.0.9 deduped
│ │   ├── define-properties@1.2.1 deduped
│ │   └── es-abstract@1.24.2 deduped
│ ├─┬ eslint-plugin-react-hooks@7.1.1
│ │ ├─┬ @babel/core@7.29.7
│ │ │ ├─┬ @babel/code-frame@7.29.7
│ │ │ │ ├── @babel/helper-validator-identifier@7.29.7
│ │ │ │ ├── js-tokens@4.0.0
│ │ │ │ └── picocolors@1.1.1 deduped
│ │ │ ├─┬ @babel/generator@7.29.8
│ │ │ │ ├── @babel/parser@7.29.8 deduped
│ │ │ │ ├── @babel/types@7.29.8 deduped
│ │ │ │ ├── @jridgewell/gen-mapping@0.3.13 deduped
│ │ │ │ ├── @jridgewell/trace-mapping@0.3.31 deduped
│ │ │ │ └── jsesc@3.1.0
│ │ │ ├─┬ @babel/helper-compilation-targets@7.29.7
│ │ │ │ ├── @babel/compat-data@7.29.7
│ │ │ │ ├── @babel/helper-validator-option@7.29.7
│ │ │ │ ├── browserslist@4.28.2 deduped
│ │ │ │ ├─┬ lru-cache@5.1.1
│ │ │ │ │ └── yallist@3.1.1
│ │ │ │ └── semver@6.3.1 deduped
│ │ │ ├─┬ @babel/helper-module-transforms@7.29.7
│ │ │ │ ├── @babel/core@7.29.7 deduped
│ │ │ │ ├─┬ @babel/helper-module-imports@7.29.7
│ │ │ │ │ ├── @babel/traverse@7.29.8 deduped
│ │ │ │ │ └── @babel/types@7.29.8 deduped
│ │ │ │ ├── @babel/helper-validator-identifier@7.29.7 deduped
│ │ │ │ └── @babel/traverse@7.29.8 deduped
│ │ │ ├─┬ @babel/helpers@7.29.7
│ │ │ │ ├── @babel/template@7.29.7 deduped
│ │ │ │ └── @babel/types@7.29.8 deduped
│ │ │ ├── @babel/parser@7.29.8 deduped
│ │ │ ├─┬ @babel/template@7.29.7
│ │ │ │ ├── @babel/code-frame@7.29.7 deduped
│ │ │ │ ├── @babel/parser@7.29.8 deduped
│ │ │ │ └── @babel/types@7.29.8 deduped
│ │ │ ├─┬ @babel/traverse@7.29.8
│ │ │ │ ├── @babel/code-frame@7.29.7 deduped
│ │ │ │ ├── @babel/generator@7.29.8 deduped
│ │ │ │ ├── @babel/helper-globals@7.29.7
│ │ │ │ ├── @babel/parser@7.29.8 deduped
│ │ │ │ ├── @babel/template@7.29.7 deduped
│ │ │ │ ├── @babel/types@7.29.8 deduped
│ │ │ │ └── debug@4.4.3 deduped
│ │ │ ├─┬ @babel/types@7.29.8
│ │ │ │ ├── @babel/helper-string-parser@7.29.7
│ │ │ │ └── @babel/helper-validator-identifier@7.29.7 deduped
│ │ │ ├── @jridgewell/remapping@2.3.5 deduped
│ │ │ ├── convert-source-map@2.0.0
│ │ │ ├── debug@4.4.3 deduped
│ │ │ ├── gensync@1.0.0-beta.2
│ │ │ ├── json5@2.2.3
│ │ │ └── semver@6.3.1 deduped
│ │ ├─┬ @babel/parser@7.29.8
│ │ │ └── @babel/types@7.29.8 deduped
│ │ ├── eslint@9.39.4 deduped
│ │ ├─┬ hermes-parser@0.25.1
│ │ │ └── hermes-estree@0.25.1
│ │ ├─┬ zod-validation-error@4.0.2
│ │ │ └── zod@3.25.76 deduped
│ │ └── zod@3.25.76 deduped
│ ├─┬ eslint-plugin-react@7.37.5
│ │ ├── array-includes@3.1.9 deduped
│ │ ├─┬ array.prototype.findlast@1.2.5
│ │ │ ├── call-bind@1.0.9 deduped
│ │ │ ├── define-properties@1.2.1 deduped
│ │ │ ├── es-abstract@1.24.2 deduped
│ │ │ ├── es-errors@1.3.0 deduped
│ │ │ ├── es-object-atoms@1.1.1 deduped
│ │ │ └── es-shim-unscopables@1.1.0 deduped
│ │ ├── array.prototype.flatmap@1.3.3 deduped
│ │ ├─┬ array.prototype.tosorted@1.1.4
│ │ │ ├── call-bind@1.0.9 deduped
│ │ │ ├── define-properties@1.2.1 deduped
│ │ │ ├── es-abstract@1.24.2 deduped
│ │ │ ├── es-errors@1.3.0 deduped
│ │ │ └── es-shim-unscopables@1.1.0 deduped
│ │ ├── doctrine@2.1.0 deduped
│ │ ├─┬ es-iterator-helpers@1.3.2
│ │ │ ├── call-bind@1.0.9 deduped
│ │ │ ├── call-bound@1.0.4 deduped
│ │ │ ├── define-properties@1.2.1 deduped
│ │ │ ├── es-abstract@1.24.2 deduped
│ │ │ ├── es-errors@1.3.0 deduped
│ │ │ ├─┬ es-set-tostringtag@2.1.0
│ │ │ │ ├── es-errors@1.3.0 deduped
│ │ │ │ ├── get-intrinsic@1.3.0 deduped
│ │ │ │ ├── has-tostringtag@1.0.2 deduped
│ │ │ │ └── hasown@2.0.3 deduped
│ │ │ ├── function-bind@1.1.2 deduped
│ │ │ ├── get-intrinsic@1.3.0 deduped
│ │ │ ├─┬ globalthis@1.0.4
│ │ │ │ ├── define-properties@1.2.1 deduped
│ │ │ │ └── gopd@1.2.0 deduped
│ │ │ ├── gopd@1.2.0
│ │ │ ├─┬ has-property-descriptors@1.0.2
│ │ │ │ └── es-define-property@1.0.1 deduped
│ │ │ ├─┬ has-proto@1.2.0
│ │ │ │ └─┬ dunder-proto@1.0.1
│ │ │ │   ├── call-bind-apply-helpers@1.0.2 deduped
│ │ │ │   ├── es-errors@1.3.0 deduped
│ │ │ │   └── gopd@1.2.0 deduped
│ │ │ ├── has-symbols@1.1.0
│ │ │ ├─┬ internal-slot@1.1.0
│ │ │ │ ├── es-errors@1.3.0 deduped
│ │ │ │ ├── hasown@2.0.3 deduped
│ │ │ │ └── side-channel@1.1.0 deduped
│ │ │ ├─┬ iterator.prototype@1.1.5
│ │ │ │ ├── define-data-property@1.1.4 deduped
│ │ │ │ ├── es-object-atoms@1.1.1 deduped
│ │ │ │ ├── get-intrinsic@1.3.0 deduped
│ │ │ │ ├── get-proto@1.0.1 deduped
│ │ │ │ ├── has-symbols@1.1.0 deduped
│ │ │ │ └── set-function-name@2.0.2 deduped
│ │ │ └── math-intrinsics@1.1.0 deduped
│ │ ├── eslint@9.39.4 deduped
│ │ ├── estraverse@5.3.0
│ │ ├── hasown@2.0.3 deduped
│ │ ├── jsx-ast-utils@3.3.5 deduped
│ │ ├── minimatch@3.1.5 deduped
│ │ ├─┬ object.entries@1.1.9
│ │ │ ├── call-bind@1.0.9 deduped
│ │ │ ├── call-bound@1.0.4 deduped
│ │ │ ├── define-properties@1.2.1 deduped
│ │ │ └── es-object-atoms@1.1.1 deduped
│ │ ├── object.fromentries@2.0.8 deduped
│ │ ├── object.values@1.2.1 deduped
│ │ ├─┬ prop-types@15.8.1
│ │ │ ├─┬ loose-envify@1.4.0
│ │ │ │ └── js-tokens@4.0.0 deduped
│ │ │ ├── object-assign@4.1.1
│ │ │ └── react-is@16.13.1 deduped
│ │ ├── resolve@2.0.0-next.7 deduped
│ │ ├── semver@6.3.1 deduped
│ │ ├─┬ string.prototype.matchall@4.0.12
│ │ │ ├── call-bind@1.0.9 deduped
│ │ │ ├── call-bound@1.0.4 deduped
│ │ │ ├── define-properties@1.2.1 deduped
│ │ │ ├── es-abstract@1.24.2 deduped
│ │ │ ├── es-errors@1.3.0 deduped
│ │ │ ├── es-object-atoms@1.1.1 deduped
│ │ │ ├── get-intrinsic@1.3.0 deduped
│ │ │ ├── gopd@1.2.0 deduped
│ │ │ ├── has-symbols@1.1.0 deduped
│ │ │ ├── internal-slot@1.1.0 deduped
│ │ │ ├─┬ regexp.prototype.flags@1.5.4
│ │ │ │ ├── call-bind@1.0.9 deduped
│ │ │ │ ├── define-properties@1.2.1 deduped
│ │ │ │ ├── es-errors@1.3.0 deduped
│ │ │ │ ├── get-proto@1.0.1 deduped
│ │ │ │ ├── gopd@1.2.0 deduped
│ │ │ │ └── set-function-name@2.0.2 deduped
│ │ │ ├─┬ set-function-name@2.0.2
│ │ │ │ ├── define-data-property@1.1.4 deduped
│ │ │ │ ├── es-errors@1.3.0 deduped
│ │ │ │ ├── functions-have-names@1.2.3
│ │ │ │ └── has-property-descriptors@1.0.2 deduped
│ │ │ └─┬ side-channel@1.1.0
│ │ │   ├── es-errors@1.3.0 deduped
│ │ │   ├── object-inspect@1.13.4 deduped
│ │ │   ├─┬ side-channel-list@1.0.1
│ │ │   │ ├── es-errors@1.3.0 deduped
│ │ │   │ └── object-inspect@1.13.4 deduped
│ │ │   ├─┬ side-channel-map@1.0.1
│ │ │   │ ├── call-bound@1.0.4 deduped
│ │ │   │ ├── es-errors@1.3.0 deduped
│ │ │   │ ├── get-intrinsic@1.3.0 deduped
│ │ │   │ └── object-inspect@1.13.4 deduped
│ │ │   └─┬ side-channel-weakmap@1.0.2
│ │ │     ├── call-bound@1.0.4 deduped
│ │ │     ├── es-errors@1.3.0 deduped
│ │ │     ├── get-intrinsic@1.3.0 deduped
│ │ │     ├── object-inspect@1.13.4 deduped
│ │ │     └── side-channel-map@1.0.1 deduped
│ │ └─┬ string.prototype.repeat@1.0.0
│ │   ├── define-properties@1.2.1 deduped
│ │   └── es-abstract@1.24.2 deduped
│ ├── eslint@9.39.4 deduped
│ ├── globals@16.4.0
│ ├─┬ typescript-eslint@8.59.3
│ │ ├─┬ @typescript-eslint/eslint-plugin@8.59.3
│ │ │ ├── @eslint-community/regexpp@4.12.2 deduped
│ │ │ ├── @typescript-eslint/parser@8.59.3 deduped
│ │ │ ├─┬ @typescript-eslint/scope-manager@8.59.3
│ │ │ │ ├── @typescript-eslint/types@8.59.3 deduped
│ │ │ │ └── @typescript-eslint/visitor-keys@8.59.3 deduped
│ │ │ ├─┬ @typescript-eslint/type-utils@8.59.3
│ │ │ │ ├── @typescript-eslint/types@8.59.3 deduped
│ │ │ │ ├── @typescript-eslint/typescript-estree@8.59.3 deduped
│ │ │ │ ├── @typescript-eslint/utils@8.59.3 deduped
│ │ │ │ ├── debug@4.4.3 deduped
│ │ │ │ ├── eslint@9.39.4 deduped
│ │ │ │ ├── ts-api-utils@2.5.0 deduped
│ │ │ │ └── typescript@5.9.3 deduped
│ │ │ ├── @typescript-eslint/utils@8.59.3 deduped
│ │ │ ├─┬ @typescript-eslint/visitor-keys@8.59.3
│ │ │ │ ├── @typescript-eslint/types@8.59.3 deduped
│ │ │ │ └── eslint-visitor-keys@5.0.1
│ │ │ ├── eslint@9.39.4 deduped
│ │ │ ├── ignore@7.0.5
│ │ │ ├── natural-compare@1.4.0 deduped
│ │ │ ├─┬ ts-api-utils@2.5.0
│ │ │ │ └── typescript@5.9.3 deduped
│ │ │ └── typescript@5.9.3 deduped
│ │ ├─┬ @typescript-eslint/parser@8.59.3
│ │ │ ├── @typescript-eslint/scope-manager@8.59.3 deduped
│ │ │ ├── @typescript-eslint/types@8.59.3
│ │ │ ├── @typescript-eslint/typescript-estree@8.59.3 deduped
│ │ │ ├── @typescript-eslint/visitor-keys@8.59.3 deduped
│ │ │ ├── debug@4.4.3 deduped
│ │ │ ├── eslint@9.39.4 deduped
│ │ │ └── typescript@5.9.3 deduped
│ │ ├─┬ @typescript-eslint/typescript-estree@8.59.3
│ │ │ ├─┬ @typescript-eslint/project-service@8.59.3
│ │ │ │ ├── @typescript-eslint/tsconfig-utils@8.59.3 deduped
│ │ │ │ ├── @typescript-eslint/types@8.59.3 deduped
│ │ │ │ ├── debug@4.4.3 deduped
│ │ │ │ └── typescript@5.9.3 deduped
│ │ │ ├─┬ @typescript-eslint/tsconfig-utils@8.59.3
│ │ │ │ └── typescript@5.9.3 deduped
│ │ │ ├── @typescript-eslint/types@8.59.3 deduped
│ │ │ ├── @typescript-eslint/visitor-keys@8.59.3 deduped
│ │ │ ├── debug@4.4.3 deduped
│ │ │ ├─┬ minimatch@10.2.5
│ │ │ │ └─┬ brace-expansion@5.0.9
│ │ │ │   └── balanced-match@4.0.4
│ │ │ ├── semver@7.8.0
│ │ │ ├── tinyglobby@0.2.17 deduped
│ │ │ ├── ts-api-utils@2.5.0 deduped
│ │ │ └── typescript@5.9.3 deduped
│ │ ├─┬ @typescript-eslint/utils@8.59.3
│ │ │ ├── @eslint-community/eslint-utils@4.9.1 deduped
│ │ │ ├── @typescript-eslint/scope-manager@8.59.3 deduped
│ │ │ ├── @typescript-eslint/types@8.59.3 deduped
│ │ │ ├── @typescript-eslint/typescript-estree@8.59.3 deduped
│ │ │ ├── eslint@9.39.4 deduped
│ │ │ └── typescript@5.9.3 deduped
│ │ ├── eslint@9.39.4 deduped
│ │ └── typescript@5.9.3 deduped
│ └── typescript@5.9.3 deduped
├─┬ eslint@9.39.4
│ ├─┬ @eslint-community/eslint-utils@4.9.1
│ │ ├── eslint-visitor-keys@3.4.3
│ │ └── eslint@9.39.4 deduped
│ ├── @eslint-community/regexpp@4.12.2
│ ├─┬ @eslint/config-array@0.21.2
│ │ ├── @eslint/object-schema@2.1.7
│ │ ├── debug@4.4.3 deduped
│ │ └── minimatch@3.1.5 deduped
│ ├─┬ @eslint/config-helpers@0.4.2
│ │ └── @eslint/core@0.17.0 deduped
│ ├─┬ @eslint/core@0.17.0
│ │ └── @types/json-schema@7.0.15
│ ├─┬ @eslint/eslintrc@3.3.5
│ │ ├─┬ ajv@6.15.0
│ │ │ ├── fast-deep-equal@3.1.3 deduped
│ │ │ ├── fast-json-stable-stringify@2.1.0 deduped
│ │ │ ├── json-schema-traverse@0.4.1
│ │ │ └── uri-js@4.4.1 deduped
│ │ ├── debug@4.4.3 deduped
│ │ ├── espree@10.4.0 deduped
│ │ ├── globals@14.0.0
│ │ ├── ignore@5.3.2 deduped
│ │ ├─┬ import-fresh@3.3.1
│ │ │ ├─┬ parent-module@1.0.1
│ │ │ │ └── callsites@3.1.0
│ │ │ └── resolve-from@4.0.0
│ │ ├─┬ js-yaml@4.3.2
│ │ │ └── argparse@2.0.1
│ │ ├── minimatch@3.1.5 deduped
│ │ └── strip-json-comments@3.1.1
│ ├── @eslint/js@9.39.4
│ ├─┬ @eslint/plugin-kit@0.4.1
│ │ ├── @eslint/core@0.17.0 deduped
│ │ └─┬ levn@0.4.1
│ │   ├── prelude-ls@1.2.1 deduped
│ │   └── type-check@0.4.0 deduped
│ ├─┬ @humanfs/node@0.16.8
│ │ ├─┬ @humanfs/core@0.19.2
│ │ │ └── @humanfs/types@0.15.0 deduped
│ │ ├── @humanfs/types@0.15.0
│ │ └── @humanwhocodes/retry@0.4.3 deduped
│ ├── @humanwhocodes/module-importer@1.0.1
│ ├── @humanwhocodes/retry@0.4.3
│ ├── @types/estree@1.0.9
│ ├─┬ ajv@6.15.0
│ │ ├── fast-deep-equal@3.1.3 deduped
│ │ ├── fast-json-stable-stringify@2.1.0
│ │ ├── json-schema-traverse@0.4.1
│ │ └─┬ uri-js@4.4.1
│ │   └── punycode@2.3.1
│ ├─┬ chalk@4.1.2
│ │ ├─┬ ansi-styles@4.3.0
│ │ │ └─┬ color-convert@2.0.1
│ │ │   └── color-name@1.1.4
│ │ └─┬ supports-color@7.2.0
│ │   └── has-flag@4.0.0
│ ├─┬ cross-spawn@7.0.6
│ │ ├── path-key@3.1.1
│ │ ├─┬ shebang-command@2.0.0
│ │ │ └── shebang-regex@3.0.0
│ │ └─┬ which@2.0.2
│ │   └── isexe@2.0.0
│ ├─┬ debug@4.4.3
│ │ └── ms@2.1.3
│ ├── escape-string-regexp@4.0.0
│ ├─┬ eslint-scope@8.4.0
│ │ ├─┬ esrecurse@4.3.0
│ │ │ └── estraverse@5.3.0 deduped
│ │ └── estraverse@5.3.0 deduped
│ ├── eslint-visitor-keys@4.2.1
│ ├─┬ espree@10.4.0
│ │ ├─┬ acorn-jsx@5.3.2
│ │ │ └── acorn@8.16.0 deduped
│ │ ├── acorn@8.16.0
│ │ └── eslint-visitor-keys@4.2.1 deduped
│ ├─┬ esquery@1.7.0
│ │ └── estraverse@5.3.0 deduped
│ ├── esutils@2.0.3
│ ├── fast-deep-equal@3.1.3
│ ├─┬ file-entry-cache@8.0.0
│ │ └─┬ flat-cache@4.0.1
│ │   ├── flatted@3.4.2
│ │   └─┬ keyv@4.5.4
│ │     └── json-buffer@3.0.1
│ ├─┬ find-up@5.0.0
│ │ ├─┬ locate-path@6.0.0
│ │ │ └─┬ p-locate@5.0.0
│ │ │   └─┬ p-limit@3.1.0
│ │ │     └── yocto-queue@0.1.0
│ │ └── path-exists@4.0.0
│ ├─┬ glob-parent@6.0.2
│ │ └── is-glob@4.0.3 deduped
│ ├── ignore@5.3.2
│ ├── imurmurhash@0.1.4
│ ├─┬ is-glob@4.0.3
│ │ └── is-extglob@2.1.1
│ ├── jiti@2.7.0
│ ├── json-stable-stringify-without-jsonify@1.0.1
│ ├── lodash.merge@4.6.2
│ ├─┬ minimatch@3.1.5
│ │ └─┬ brace-expansion@1.1.18
│ │   ├── balanced-match@1.0.2
│ │   └── concat-map@0.0.1
│ ├── natural-compare@1.4.0
│ └─┬ optionator@0.9.4
│   ├── deep-is@0.1.4
│   ├── fast-levenshtein@2.0.6
│   ├── levn@0.4.1 deduped
│   ├── prelude-ls@1.2.1
│   ├─┬ type-check@0.4.0
│   │ └── prelude-ls@1.2.1 deduped
│   └── word-wrap@1.2.5
├── immunum@1.3.0
├─┬ input-otp@1.4.2
│ ├── react-dom@19.2.8 deduped
│ └── react@19.2.8 deduped
├─┬ lucide-react@1.31.0
│ └── react@19.2.8 deduped
├─┬ next-themes@0.4.6
│ ├── react-dom@19.2.8 deduped
│ └── react@19.2.8 deduped
├─┬ next@16.3.3
│ ├── @next/env@16.3.3
│ ├── UNMET OPTIONAL DEPENDENCY @next/swc-darwin-arm64@16.3.3
│ ├── UNMET OPTIONAL DEPENDENCY @next/swc-darwin-x64@16.3.3
│ ├── UNMET OPTIONAL DEPENDENCY @next/swc-linux-arm64-gnu@16.3.3
│ ├── UNMET OPTIONAL DEPENDENCY @next/swc-linux-arm64-musl@16.3.3
│ ├── @next/swc-linux-x64-gnu@16.3.3
│ ├── @next/swc-linux-x64-musl@16.3.3
│ ├── UNMET OPTIONAL DEPENDENCY @next/swc-win32-arm64-msvc@16.3.3
│ ├── UNMET OPTIONAL DEPENDENCY @next/swc-win32-x64-msvc@16.3.3
│ ├── UNMET OPTIONAL DEPENDENCY @opentelemetry/api@^1.1.0
│ ├── UNMET OPTIONAL DEPENDENCY @playwright/test@^1.51.1
│ ├─┬ @swc/helpers@0.5.23
│ │ └── tslib@2.8.1 deduped
│ ├── UNMET OPTIONAL DEPENDENCY babel-plugin-react-compiler@*
│ ├── baseline-browser-mapping@2.11.0 overridden
│ ├── caniuse-lite@1.0.30001793
│ ├─┬ postcss@8.5.23
│ │ ├── nanoid@3.3.18 deduped
│ │ ├── picocolors@1.1.1 deduped
│ │ └── source-map-js@1.2.1 deduped
│ ├── react-dom@19.2.8 deduped
│ ├── react@19.2.8 deduped
│ ├── UNMET OPTIONAL DEPENDENCY sass@^1.3.0
│ ├─┬ sharp@0.35.4 overridden
│ │ ├── @img/colour@1.1.0
│ │ ├── UNMET OPTIONAL DEPENDENCY @img/sharp-darwin-arm64@0.35.4
│ │ ├── UNMET OPTIONAL DEPENDENCY @img/sharp-darwin-x64@0.35.4
│ │ ├── UNMET OPTIONAL DEPENDENCY @img/sharp-freebsd-wasm32@0.35.4
│ │ ├── UNMET OPTIONAL DEPENDENCY @img/sharp-libvips-darwin-arm64@1.3.3
│ │ ├── UNMET OPTIONAL DEPENDENCY @img/sharp-libvips-darwin-x64@1.3.3
│ │ ├── UNMET OPTIONAL DEPENDENCY @img/sharp-libvips-linux-arm@1.3.3
│ │ ├── UNMET OPTIONAL DEPENDENCY @img/sharp-libvips-linux-arm64@1.3.3
│ │ ├── UNMET OPTIONAL DEPENDENCY @img/sharp-libvips-linux-ppc64@1.3.3
│ │ ├── UNMET OPTIONAL DEPENDENCY @img/sharp-libvips-linux-riscv64@1.3.3
│ │ ├── UNMET OPTIONAL DEPENDENCY @img/sharp-libvips-linux-s390x@1.3.3
│ │ ├── @img/sharp-libvips-linux-x64@1.3.3
│ │ ├── UNMET OPTIONAL DEPENDENCY @img/sharp-libvips-linuxmusl-arm64@1.3.3
│ │ ├── @img/sharp-libvips-linuxmusl-x64@1.3.3
│ │ ├── UNMET OPTIONAL DEPENDENCY @img/sharp-linux-arm@0.35.4
│ │ ├── UNMET OPTIONAL DEPENDENCY @img/sharp-linux-arm64@0.35.4
│ │ ├── UNMET OPTIONAL DEPENDENCY @img/sharp-linux-ppc64@0.35.4
│ │ ├── UNMET OPTIONAL DEPENDENCY @img/sharp-linux-riscv64@0.35.4
│ │ ├── UNMET OPTIONAL DEPENDENCY @img/sharp-linux-s390x@0.35.4
│ │ ├─┬ @img/sharp-linux-x64@0.35.4
│ │ │ └── @img/sharp-libvips-linux-x64@1.3.3 deduped
│ │ ├── UNMET OPTIONAL DEPENDENCY @img/sharp-linuxmusl-arm64@0.35.4
│ │ ├─┬ @img/sharp-linuxmusl-x64@0.35.4
│ │ │ └── @img/sharp-libvips-linuxmusl-x64@1.3.3 deduped
│ │ ├── UNMET OPTIONAL DEPENDENCY @img/sharp-webcontainers-wasm32@0.35.4
│ │ ├── UNMET OPTIONAL DEPENDENCY @img/sharp-win32-arm64@0.35.4
│ │ ├── UNMET OPTIONAL DEPENDENCY @img/sharp-win32-ia32@0.35.4
│ │ ├── UNMET OPTIONAL DEPENDENCY @img/sharp-win32-x64@0.35.4
│ │ ├── detect-libc@2.1.2
│ │ └── semver@7.8.5
│ └─┬ styled-jsx@5.1.6
│   ├── client-only@0.0.1
│   └── react@19.2.8 deduped
├─┬ radix-ui@1.6.7
│ ├── @radix-ui/primitive@1.1.7
│ ├─┬ @radix-ui/react-accessible-icon@1.1.15
│ │ ├── @radix-ui/react-visually-hidden@1.2.11 deduped
│ │ ├── @types/react-dom@19.2.3 deduped
│ │ ├── @types/react@19.2.14 deduped
│ │ ├── react-dom@19.2.8 deduped
│ │ └── react@19.2.8 deduped
│ ├─┬ @radix-ui/react-accordion@1.2.20
│ │ ├── @radix-ui/primitive@1.1.7 deduped
│ │ ├── @radix-ui/react-collapsible@1.1.20 deduped
│ │ ├── @radix-ui/react-collection@1.1.15 deduped
│ │ ├─┬ @radix-ui/react-compose-refs@1.1.5
│ │ │ ├── @types/react@19.2.14 deduped
│ │ │ └── react@19.2.8 deduped
│ │ ├── @radix-ui/react-context@1.2.2 deduped
│ │ ├── @radix-ui/react-direction@1.1.4 deduped
│ │ ├── @radix-ui/react-id@1.1.4 deduped
│ │ ├── @radix-ui/react-primitive@2.1.10 deduped
│ │ ├── @radix-ui/react-use-controllable-state@1.2.6 deduped
│ │ ├── @types/react-dom@19.2.3 deduped
│ │ ├── @types/react@19.2.14 deduped
│ │ ├── react-dom@19.2.8 deduped
│ │ └── react@19.2.8 deduped
│ ├─┬ @radix-ui/react-alert-dialog@1.1.23
│ │ ├── @radix-ui/primitive@1.1.7 deduped
│ │ ├─┬ @radix-ui/react-compose-refs@1.1.5
│ │ │ ├── @types/react@19.2.14 deduped
│ │ │ └── react@19.2.8 deduped
│ │ ├── @radix-ui/react-context@1.2.2 deduped
│ │ ├── @radix-ui/react-dialog@1.1.23 deduped
│ │ ├── @radix-ui/react-primitive@2.1.10 deduped
│ │ ├── @types/react-dom@19.2.3 deduped
│ │ ├── @types/react@19.2.14 deduped
│ │ ├── react-dom@19.2.8 deduped
│ │ └── react@19.2.8 deduped
│ ├─┬ @radix-ui/react-arrow@1.1.15
│ │ ├── @radix-ui/react-primitive@2.1.10 deduped
│ │ ├── @types/react-dom@19.2.3 deduped
│ │ ├── @types/react@19.2.14 deduped
│ │ ├── react-dom@19.2.8 deduped
│ │ └── react@19.2.8 deduped
│ ├─┬ @radix-ui/react-aspect-ratio@1.1.15
│ │ ├── @radix-ui/react-primitive@2.1.10 deduped
│ │ ├── @types/react-dom@19.2.3 deduped
│ │ ├── @types/react@19.2.14 deduped
│ │ ├── react-dom@19.2.8 deduped
│ │ └── react@19.2.8 deduped
│ ├─┬ @radix-ui/react-avatar@1.2.6
│ │ ├── @radix-ui/primitive@1.1.7 deduped
│ │ ├── @radix-ui/react-context@1.2.2 deduped
│ │ ├── @radix-ui/react-primitive@2.1.10 deduped
│ │ ├── @radix-ui/react-use-callback-ref@1.1.4 deduped
│ │ ├── @radix-ui/react-use-is-hydrated@0.1.3 deduped
│ │ ├── @radix-ui/react-use-layout-effect@1.1.4 deduped
│ │ ├── @types/react-dom@19.2.3 deduped
│ │ ├── @types/react@19.2.14 deduped
│ │ ├── react-dom@19.2.8 deduped
│ │ └── react@19.2.8 deduped
│ ├─┬ @radix-ui/react-checkbox@1.3.11
│ │ ├── @radix-ui/primitive@1.1.7 deduped
│ │ ├─┬ @radix-ui/react-compose-refs@1.1.5
│ │ │ ├── @types/react@19.2.14 deduped
│ │ │ └── react@19.2.8 deduped
│ │ ├── @radix-ui/react-context@1.2.2 deduped
│ │ ├── @radix-ui/react-presence@1.1.10 deduped
│ │ ├── @radix-ui/react-primitive@2.1.10 deduped
│ │ ├── @radix-ui/react-use-controllable-state@1.2.6 deduped
│ │ ├── @radix-ui/react-use-size@1.1.4 deduped
│ │ ├── @types/react-dom@19.2.3 deduped
│ │ ├── @types/react@19.2.14 deduped
│ │ ├── react-dom@19.2.8 deduped
│ │ └── react@19.2.8 deduped
│ ├─┬ @radix-ui/react-collapsible@1.1.20
│ │ ├── @radix-ui/primitive@1.1.7 deduped
│ │ ├─┬ @radix-ui/react-compose-refs@1.1.5
│ │ │ ├── @types/react@19.2.14 deduped
│ │ │ └── react@19.2.8 deduped
│ │ ├── @radix-ui/react-context@1.2.2 deduped
│ │ ├── @radix-ui/react-id@1.1.4 deduped
│ │ ├── @radix-ui/react-presence@1.1.10 deduped
│ │ ├── @radix-ui/react-primitive@2.1.10 deduped
│ │ ├── @radix-ui/react-use-controllable-state@1.2.6 deduped
│ │ ├── @radix-ui/react-use-layout-effect@1.1.4 deduped
│ │ ├── @types/react-dom@19.2.3 deduped
│ │ ├── @types/react@19.2.14 deduped
│ │ ├── react-dom@19.2.8 deduped
│ │ └── react@19.2.8 deduped
│ ├─┬ @radix-ui/react-collection@1.1.15
│ │ ├─┬ @radix-ui/react-compose-refs@1.1.5
│ │ │ ├── @types/react@19.2.14 deduped
│ │ │ └── react@19.2.8 deduped
│ │ ├── @radix-ui/react-context@1.2.2 deduped
│ │ ├── @radix-ui/react-primitive@2.1.10 deduped
│ │ ├─┬ @radix-ui/react-slot@1.3.3
│ │ │ ├── @radix-ui/react-compose-refs@1.1.5 deduped
│ │ │ ├── @types/react@19.2.14 deduped
│ │ │ └── react@19.2.8 deduped
│ │ ├── @types/react-dom@19.2.3 deduped
│ │ ├── @types/react@19.2.14 deduped
│ │ ├── react-dom@19.2.8 deduped
│ │ └── react@19.2.8 deduped
│ ├─┬ @radix-ui/react-compose-refs@1.1.5
│ │ ├── @types/react@19.2.14 deduped
│ │ └── react@19.2.8 deduped
│ ├─┬ @radix-ui/react-context-menu@2.3.7
│ │ ├── @radix-ui/primitive@1.1.7 deduped
│ │ ├── @radix-ui/react-context@1.2.2 deduped
│ │ ├── @radix-ui/react-menu@2.1.24 deduped
│ │ ├── @radix-ui/react-primitive@2.1.10 deduped
│ │ ├── @radix-ui/react-use-controllable-state@1.2.6 deduped
│ │ ├── @types/react-dom@19.2.3 deduped
│ │ ├── @types/react@19.2.14 deduped
│ │ ├── react-dom@19.2.8 deduped
│ │ └── react@19.2.8 deduped
│ ├─┬ @radix-ui/react-context@1.2.2
│ │ ├── @types/react@19.2.14 deduped
│ │ └── react@19.2.8 deduped
│ ├── @radix-ui/react-dialog@1.1.23 deduped
│ ├─┬ @radix-ui/react-direction@1.1.4
│ │ ├── @types/react@19.2.14 deduped
│ │ └── react@19.2.8 deduped
│ ├─┬ @radix-ui/react-dismissable-layer@1.1.19
│ │ ├── @radix-ui/primitive@1.1.7 deduped
│ │ ├─┬ @radix-ui/react-compose-refs@1.1.5
│ │ │ ├── @types/react@19.2.14 deduped
│ │ │ └── react@19.2.8 deduped
│ │ ├── @radix-ui/react-primitive@2.1.10 deduped
│ │ ├── @radix-ui/react-use-callback-ref@1.1.4 deduped
│ │ ├── @radix-ui/react-use-effect-event@0.0.5 deduped
│ │ ├── @types/react-dom@19.2.3 deduped
│ │ ├── @types/react@19.2.14 deduped
│ │ ├── react-dom@19.2.8 deduped
│ │ └── react@19.2.8 deduped
│ ├─┬ @radix-ui/react-dropdown-menu@2.1.24
│ │ ├── @radix-ui/primitive@1.1.7 deduped
│ │ ├─┬ @radix-ui/react-compose-refs@1.1.5
│ │ │ ├── @types/react@19.2.14 deduped
│ │ │ └── react@19.2.8 deduped
│ │ ├── @radix-ui/react-context@1.2.2 deduped
│ │ ├── @radix-ui/react-id@1.1.4 deduped
│ │ ├── @radix-ui/react-menu@2.1.24 deduped
│ │ ├── @radix-ui/react-primitive@2.1.10 deduped
│ │ ├── @radix-ui/react-use-controllable-state@1.2.6 deduped
│ │ ├── @types/react-dom@19.2.3 deduped
│ │ ├── @types/react@19.2.14 deduped
│ │ ├── react-dom@19.2.8 deduped
│ │ └── react@19.2.8 deduped
│ ├─┬ @radix-ui/react-focus-guards@1.1.6
│ │ ├── @types/react@19.2.14 deduped
│ │ └── react@19.2.8 deduped
│ ├─┬ @radix-ui/react-focus-scope@1.1.16
│ │ ├─┬ @radix-ui/react-compose-refs@1.1.5
│ │ │ ├── @types/react@19.2.14 deduped
│ │ │ └── react@19.2.8 deduped
│ │ ├── @radix-ui/react-primitive@2.1.10 deduped
│ │ ├── @radix-ui/react-use-callback-ref@1.1.4 deduped
│ │ ├── @types/react-dom@19.2.3 deduped
│ │ ├── @types/react@19.2.14 deduped
│ │ ├── react-dom@19.2.8 deduped
│ │ └── react@19.2.8 deduped
│ ├─┬ @radix-ui/react-form@0.1.16
│ │ ├── @radix-ui/primitive@1.1.7 deduped
│ │ ├─┬ @radix-ui/react-compose-refs@1.1.5
│ │ │ ├── @types/react@19.2.14 deduped
│ │ │ └── react@19.2.8 deduped
│ │ ├── @radix-ui/react-context@1.2.2 deduped
│ │ ├── @radix-ui/react-id@1.1.4 deduped
│ │ ├── @radix-ui/react-label@2.1.15 deduped
│ │ ├── @radix-ui/react-primitive@2.1.10 deduped
│ │ ├── @types/react-dom@19.2.3 deduped
│ │ ├── @types/react@19.2.14 deduped
│ │ ├── react-dom@19.2.8 deduped
│ │ └── react@19.2.8 deduped
│ ├─┬ @radix-ui/react-hover-card@1.1.23
│ │ ├── @radix-ui/primitive@1.1.7 deduped
│ │ ├─┬ @radix-ui/react-compose-refs@1.1.5
│ │ │ ├── @types/react@19.2.14 deduped
│ │ │ └── react@19.2.8 deduped
│ │ ├── @radix-ui/react-context@1.2.2 deduped
│ │ ├── @radix-ui/react-dismissable-layer@1.1.19 deduped
│ │ ├── @radix-ui/react-popper@1.3.7 deduped
│ │ ├── @radix-ui/react-portal@1.1.17 deduped
│ │ ├── @radix-ui/react-presence@1.1.10 deduped
│ │ ├── @radix-ui/react-primitive@2.1.10 deduped
│ │ ├── @radix-ui/react-use-controllable-state@1.2.6 deduped
│ │ ├── @types/react-dom@19.2.3 deduped
│ │ ├── @types/react@19.2.14 deduped
│ │ ├── react-dom@19.2.8 deduped
│ │ └── react@19.2.8 deduped
│ ├─┬ @radix-ui/react-label@2.1.15
│ │ ├── @radix-ui/react-primitive@2.1.10 deduped
│ │ ├── @types/react-dom@19.2.3 deduped
│ │ ├── @types/react@19.2.14 deduped
│ │ ├── react-dom@19.2.8 deduped
│ │ └── react@19.2.8 deduped
│ ├─┬ @radix-ui/react-menu@2.1.24
│ │ ├── @radix-ui/primitive@1.1.7 deduped
│ │ ├── @radix-ui/react-collection@1.1.15 deduped
│ │ ├─┬ @radix-ui/react-compose-refs@1.1.5
│ │ │ ├── @types/react@19.2.14 deduped
│ │ │ └── react@19.2.8 deduped
│ │ ├── @radix-ui/react-context@1.2.2 deduped
│ │ ├── @radix-ui/react-direction@1.1.4 deduped
│ │ ├── @radix-ui/react-dismissable-layer@1.1.19 deduped
│ │ ├── @radix-ui/react-focus-guards@1.1.6 deduped
│ │ ├── @radix-ui/react-focus-scope@1.1.16 deduped
│ │ ├── @radix-ui/react-id@1.1.4 deduped
│ │ ├── @radix-ui/react-popper@1.3.7 deduped
│ │ ├── @radix-ui/react-portal@1.1.17 deduped
│ │ ├── @radix-ui/react-presence@1.1.10 deduped
│ │ ├── @radix-ui/react-primitive@2.1.10 deduped
│ │ ├── @radix-ui/react-roving-focus@1.1.19 deduped
│ │ ├─┬ @radix-ui/react-slot@1.3.3
│ │ │ ├── @radix-ui/react-compose-refs@1.1.5 deduped
│ │ │ ├── @types/react@19.2.14 deduped
│ │ │ └── react@19.2.8 deduped
│ │ ├── @radix-ui/react-use-callback-ref@1.1.4 deduped
│ │ ├── @types/react-dom@19.2.3 deduped
│ │ ├── @types/react@19.2.14 deduped
│ │ ├── aria-hidden@1.2.6 deduped
│ │ ├── react-dom@19.2.8 deduped
│ │ ├── react-remove-scroll@2.7.2 deduped
│ │ └── react@19.2.8 deduped
│ ├─┬ @radix-ui/react-menubar@1.1.24
│ │ ├── @radix-ui/primitive@1.1.7 deduped
│ │ ├── @radix-ui/react-collection@1.1.15 deduped
│ │ ├─┬ @radix-ui/react-compose-refs@1.1.5
│ │ │ ├── @types/react@19.2.14 deduped
│ │ │ └── react@19.2.8 deduped
│ │ ├── @radix-ui/react-context@1.2.2 deduped
│ │ ├── @radix-ui/react-direction@1.1.4 deduped
│ │ ├── @radix-ui/react-id@1.1.4 deduped
│ │ ├── @radix-ui/react-menu@2.1.24 deduped
│ │ ├── @radix-ui/react-primitive@2.1.10 deduped
│ │ ├── @radix-ui/react-roving-focus@1.1.19 deduped
│ │ ├── @radix-ui/react-use-controllable-state@1.2.6 deduped
│ │ ├── @types/react-dom@19.2.3 deduped
│ │ ├── @types/react@19.2.14 deduped
│ │ ├── react-dom@19.2.8 deduped
│ │ └── react@19.2.8 deduped
│ ├─┬ @radix-ui/react-navigation-menu@1.2.22
│ │ ├── @radix-ui/primitive@1.1.7 deduped
│ │ ├── @radix-ui/react-collection@1.1.15 deduped
│ │ ├─┬ @radix-ui/react-compose-refs@1.1.5
│ │ │ ├── @types/react@19.2.14 deduped
│ │ │ └── react@19.2.8 deduped
│ │ ├── @radix-ui/react-context@1.2.2 deduped
│ │ ├── @radix-ui/react-direction@1.1.4 deduped
│ │ ├── @radix-ui/react-dismissable-layer@1.1.19 deduped
│ │ ├── @radix-ui/react-id@1.1.4 deduped
│ │ ├── @radix-ui/react-presence@1.1.10 deduped
│ │ ├── @radix-ui/react-primitive@2.1.10 deduped
│ │ ├── @radix-ui/react-use-callback-ref@1.1.4 deduped
│ │ ├── @radix-ui/react-use-controllable-state@1.2.6 deduped
│ │ ├── @radix-ui/react-use-layout-effect@1.1.4 deduped
│ │ ├─┬ @radix-ui/react-use-previous@1.1.4
│ │ │ ├── @types/react@19.2.14 deduped
│ │ │ └── react@19.2.8 deduped
│ │ ├── @radix-ui/react-visually-hidden@1.2.11 deduped
│ │ ├── @types/react-dom@19.2.3 deduped
│ │ ├── @types/react@19.2.14 deduped
│ │ ├── react-dom@19.2.8 deduped
│ │ └── react@19.2.8 deduped
│ ├─┬ @radix-ui/react-one-time-password-field@0.1.16
│ │ ├── @radix-ui/number@1.1.3
│ │ ├── @radix-ui/primitive@1.1.7 deduped
│ │ ├── @radix-ui/react-collection@1.1.15 deduped
│ │ ├─┬ @radix-ui/react-compose-refs@1.1.5
│ │ │ ├── @types/react@19.2.14 deduped
│ │ │ └── react@19.2.8 deduped
│ │ ├── @radix-ui/react-context@1.2.2 deduped
│ │ ├── @radix-ui/react-direction@1.1.4 deduped
│ │ ├── @radix-ui/react-primitive@2.1.10 deduped
│ │ ├── @radix-ui/react-roving-focus@1.1.19 deduped
│ │ ├── @radix-ui/react-use-controllable-state@1.2.6 deduped
│ │ ├── @radix-ui/react-use-effect-event@0.0.5 deduped
│ │ ├── @radix-ui/react-use-is-hydrated@0.1.3 deduped
│ │ ├── @radix-ui/react-use-layout-effect@1.1.4 deduped
│ │ ├── @types/react-dom@19.2.3 deduped
│ │ ├── @types/react@19.2.14 deduped
│ │ ├── react-dom@19.2.8 deduped
│ │ └── react@19.2.8 deduped
│ ├─┬ @radix-ui/react-password-toggle-field@0.1.11
│ │ ├── @radix-ui/primitive@1.1.7 deduped
│ │ ├─┬ @radix-ui/react-compose-refs@1.1.5
│ │ │ ├── @types/react@19.2.14 deduped
│ │ │ └── react@19.2.8 deduped
│ │ ├── @radix-ui/react-context@1.2.2 deduped
│ │ ├── @radix-ui/react-id@1.1.4 deduped
│ │ ├── @radix-ui/react-primitive@2.1.10 deduped
│ │ ├── @radix-ui/react-use-controllable-state@1.2.6 deduped
│ │ ├── @radix-ui/react-use-effect-event@0.0.5 deduped
│ │ ├── @radix-ui/react-use-is-hydrated@0.1.3 deduped
│ │ ├── @types/react-dom@19.2.3 deduped
│ │ ├── @types/react@19.2.14 deduped
│ │ ├── react-dom@19.2.8 deduped
│ │ └── react@19.2.8 deduped
│ ├─┬ @radix-ui/react-popover@1.1.23
│ │ ├── @radix-ui/primitive@1.1.7 deduped
│ │ ├─┬ @radix-ui/react-compose-refs@1.1.5
│ │ │ ├── @types/react@19.2.14 deduped
│ │ │ └── react@19.2.8 deduped
│ │ ├── @radix-ui/react-context@1.2.2 deduped
│ │ ├── @radix-ui/react-dismissable-layer@1.1.19 deduped
│ │ ├── @radix-ui/react-focus-guards@1.1.6 deduped
│ │ ├── @radix-ui/react-focus-scope@1.1.16 deduped
│ │ ├── @radix-ui/react-id@1.1.4 deduped
│ │ ├── @radix-ui/react-popper@1.3.7 deduped
│ │ ├── @radix-ui/react-portal@1.1.17 deduped
│ │ ├── @radix-ui/react-presence@1.1.10 deduped
│ │ ├── @radix-ui/react-primitive@2.1.10 deduped
│ │ ├─┬ @radix-ui/react-slot@1.3.3
│ │ │ ├── @radix-ui/react-compose-refs@1.1.5 deduped
│ │ │ ├── @types/react@19.2.14 deduped
│ │ │ └── react@19.2.8 deduped
│ │ ├── @radix-ui/react-use-controllable-state@1.2.6 deduped
│ │ ├── @types/react-dom@19.2.3 deduped
│ │ ├── @types/react@19.2.14 deduped
│ │ ├── aria-hidden@1.2.6 deduped
│ │ ├── react-dom@19.2.8 deduped
│ │ ├── react-remove-scroll@2.7.2 deduped
│ │ └── react@19.2.8 deduped
│ ├─┬ @radix-ui/react-popper@1.3.7
│ │ ├── @floating-ui/react-dom@2.1.9 deduped
│ │ ├── @radix-ui/react-arrow@1.1.15 deduped
│ │ ├─┬ @radix-ui/react-compose-refs@1.1.5
│ │ │ ├── @types/react@19.2.14 deduped
│ │ │ └── react@19.2.8 deduped
│ │ ├── @radix-ui/react-context@1.2.2 deduped
│ │ ├── @radix-ui/react-primitive@2.1.10 deduped
│ │ ├── @radix-ui/react-use-callback-ref@1.1.4 deduped
│ │ ├── @radix-ui/react-use-layout-effect@1.1.4 deduped
│ │ ├─┬ @radix-ui/react-use-rect@1.1.4
│ │ │ ├── @radix-ui/rect@1.1.3 deduped
│ │ │ ├── @types/react@19.2.14 deduped
│ │ │ └── react@19.2.8 deduped
│ │ ├── @radix-ui/react-use-size@1.1.4 deduped
│ │ ├── @radix-ui/rect@1.1.3
│ │ ├── @types/react-dom@19.2.3 deduped
│ │ ├── @types/react@19.2.14 deduped
│ │ ├── react-dom@19.2.8 deduped
│ │ └── react@19.2.8 deduped
│ ├─┬ @radix-ui/react-portal@1.1.17
│ │ ├── @radix-ui/react-primitive@2.1.10 deduped
│ │ ├── @radix-ui/react-use-layout-effect@1.1.4 deduped
│ │ ├── @types/react-dom@19.2.3 deduped
│ │ ├── @types/react@19.2.14 deduped
│ │ ├── react-dom@19.2.8 deduped
│ │ └── react@19.2.8 deduped
│ ├─┬ @radix-ui/react-presence@1.1.10
│ │ ├── @radix-ui/react-use-layout-effect@1.1.4 deduped
│ │ ├── @types/react-dom@19.2.3 deduped
│ │ ├── @types/react@19.2.14 deduped
│ │ ├── react-dom@19.2.8 deduped
│ │ └── react@19.2.8 deduped
│ ├── @radix-ui/react-primitive@2.1.10 deduped
│ ├─┬ @radix-ui/react-progress@1.1.16
│ │ ├── @radix-ui/react-context@1.2.2 deduped
│ │ ├── @radix-ui/react-primitive@2.1.10 deduped
│ │ ├── @types/react-dom@19.2.3 deduped
│ │ ├── @types/react@19.2.14 deduped
│ │ ├── react-dom@19.2.8 deduped
│ │ └── react@19.2.8 deduped
│ ├─┬ @radix-ui/react-radio-group@1.4.7
│ │ ├── @radix-ui/primitive@1.1.7 deduped
│ │ ├─┬ @radix-ui/react-compose-refs@1.1.5
│ │ │ ├── @types/react@19.2.14 deduped
│ │ │ └── react@19.2.8 deduped
│ │ ├── @radix-ui/react-context@1.2.2 deduped
│ │ ├── @radix-ui/react-direction@1.1.4 deduped
│ │ ├── @radix-ui/react-presence@1.1.10 deduped
│ │ ├── @radix-ui/react-primitive@2.1.10 deduped
│ │ ├── @radix-ui/react-roving-focus@1.1.19 deduped
│ │ ├── @radix-ui/react-use-controllable-state@1.2.6 deduped
│ │ ├── @radix-ui/react-use-size@1.1.4 deduped
│ │ ├── @types/react-dom@19.2.3 deduped
│ │ ├── @types/react@19.2.14 deduped
│ │ ├── react-dom@19.2.8 deduped
│ │ └── react@19.2.8 deduped
│ ├─┬ @radix-ui/react-roving-focus@1.1.19
│ │ ├── @radix-ui/primitive@1.1.7 deduped
│ │ ├── @radix-ui/react-collection@1.1.15 deduped
│ │ ├─┬ @radix-ui/react-compose-refs@1.1.5
│ │ │ ├── @types/react@19.2.14 deduped
│ │ │ └── react@19.2.8 deduped
│ │ ├── @radix-ui/react-context@1.2.2 deduped
│ │ ├── @radix-ui/react-direction@1.1.4 deduped
│ │ ├── @radix-ui/react-id@1.1.4 deduped
│ │ ├── @radix-ui/react-primitive@2.1.10 deduped
│ │ ├── @radix-ui/react-use-callback-ref@1.1.4 deduped
│ │ ├── @radix-ui/react-use-controllable-state@1.2.6 deduped
│ │ ├── @radix-ui/react-use-is-hydrated@0.1.3 deduped
│ │ ├── @radix-ui/react-use-layout-effect@1.1.4 deduped
│ │ ├── @types/react-dom@19.2.3 deduped
│ │ ├── @types/react@19.2.14 deduped
│ │ ├── react-dom@19.2.8 deduped
│ │ └── react@19.2.8 deduped
│ ├─┬ @radix-ui/react-scroll-area@1.2.18
│ │ ├── @radix-ui/number@1.1.3 deduped
│ │ ├── @radix-ui/primitive@1.1.7 deduped
│ │ ├─┬ @radix-ui/react-compose-refs@1.1.5
│ │ │ ├── @types/react@19.2.14 deduped
│ │ │ └── react@19.2.8 deduped
│ │ ├── @radix-ui/react-context@1.2.2 deduped
│ │ ├── @radix-ui/react-direction@1.1.4 deduped
│ │ ├── @radix-ui/react-presence@1.1.10 deduped
│ │ ├── @radix-ui/react-primitive@2.1.10 deduped
│ │ ├── @radix-ui/react-use-callback-ref@1.1.4 deduped
│ │ ├── @radix-ui/react-use-layout-effect@1.1.4 deduped
│ │ ├── @types/react-dom@19.2.3 deduped
│ │ ├── @types/react@19.2.14 deduped
│ │ ├── react-dom@19.2.8 deduped
│ │ └── react@19.2.8 deduped
│ ├─┬ @radix-ui/react-select@2.3.7
│ │ ├── @radix-ui/number@1.1.3 deduped
│ │ ├── @radix-ui/primitive@1.1.7 deduped
│ │ ├── @radix-ui/react-collection@1.1.15 deduped
│ │ ├─┬ @radix-ui/react-compose-refs@1.1.5
│ │ │ ├── @types/react@19.2.14 deduped
│ │ │ └── react@19.2.8 deduped
│ │ ├── @radix-ui/react-context@1.2.2 deduped
│ │ ├── @radix-ui/react-direction@1.1.4 deduped
│ │ ├── @radix-ui/react-dismissable-layer@1.1.19 deduped
│ │ ├── @radix-ui/react-focus-guards@1.1.6 deduped
│ │ ├── @radix-ui/react-focus-scope@1.1.16 deduped
│ │ ├── @radix-ui/react-id@1.1.4 deduped
│ │ ├── @radix-ui/react-popper@1.3.7 deduped
│ │ ├── @radix-ui/react-portal@1.1.17 deduped
│ │ ├── @radix-ui/react-presence@1.1.10 deduped
│ │ ├── @radix-ui/react-primitive@2.1.10 deduped
│ │ ├─┬ @radix-ui/react-slot@1.3.3
│ │ │ ├── @radix-ui/react-compose-refs@1.1.5 deduped
│ │ │ ├── @types/react@19.2.14 deduped
│ │ │ └── react@19.2.8 deduped
│ │ ├── @radix-ui/react-use-callback-ref@1.1.4 deduped
│ │ ├── @radix-ui/react-use-controllable-state@1.2.6 deduped
│ │ ├── @radix-ui/react-use-layout-effect@1.1.4 deduped
│ │ ├── @radix-ui/react-use-previous@1.1.4 deduped
│ │ ├── @radix-ui/react-visually-hidden@1.2.11 deduped
│ │ ├── @types/react-dom@19.2.3 deduped
│ │ ├── @types/react@19.2.14 deduped
│ │ ├── aria-hidden@1.2.6 deduped
│ │ ├── react-dom@19.2.8 deduped
│ │ ├── react-remove-scroll@2.7.2 deduped
│ │ └── react@19.2.8 deduped
│ ├─┬ @radix-ui/react-separator@1.1.15
│ │ ├── @radix-ui/react-primitive@2.1.10 deduped
│ │ ├── @types/react-dom@19.2.3 deduped
│ │ ├── @types/react@19.2.14 deduped
│ │ ├── react-dom@19.2.8 deduped
│ │ └── react@19.2.8 deduped
│ ├─┬ @radix-ui/react-slider@1.4.7
│ │ ├── @radix-ui/number@1.1.3 deduped
│ │ ├── @radix-ui/primitive@1.1.7 deduped
│ │ ├── @radix-ui/react-collection@1.1.15 deduped
│ │ ├─┬ @radix-ui/react-compose-refs@1.1.5
│ │ │ ├── @types/react@19.2.14 deduped
│ │ │ └── react@19.2.8 deduped
│ │ ├── @radix-ui/react-context@1.2.2 deduped
│ │ ├── @radix-ui/react-direction@1.1.4 deduped
│ │ ├── @radix-ui/react-primitive@2.1.10 deduped
│ │ ├── @radix-ui/react-use-controllable-state@1.2.6 deduped
│ │ ├── @radix-ui/react-use-layout-effect@1.1.4 deduped
│ │ ├── @radix-ui/react-use-previous@1.1.4 deduped
│ │ ├── @radix-ui/react-use-size@1.1.4 deduped
│ │ ├── @types/react-dom@19.2.3 deduped
│ │ ├── @types/react@19.2.14 deduped
│ │ ├── react-dom@19.2.8 deduped
│ │ └── react@19.2.8 deduped
│ ├─┬ @radix-ui/react-slot@1.3.3
│ │ ├── @radix-ui/react-compose-refs@1.1.5 deduped
│ │ ├── @types/react@19.2.14 deduped
│ │ └── react@19.2.8 deduped
│ ├─┬ @radix-ui/react-switch@1.3.7
│ │ ├── @radix-ui/primitive@1.1.7 deduped
│ │ ├─┬ @radix-ui/react-compose-refs@1.1.5
│ │ │ ├── @types/react@19.2.14 deduped
│ │ │ └── react@19.2.8 deduped
│ │ ├── @radix-ui/react-context@1.2.2 deduped
│ │ ├── @radix-ui/react-primitive@2.1.10 deduped
│ │ ├── @radix-ui/react-use-controllable-state@1.2.6 deduped
│ │ ├── @radix-ui/react-use-size@1.1.4 deduped
│ │ ├── @types/react-dom@19.2.3 deduped
│ │ ├── @types/react@19.2.14 deduped
│ │ ├── react-dom@19.2.8 deduped
│ │ └── react@19.2.8 deduped
│ ├─┬ @radix-ui/react-tabs@1.1.21
│ │ ├── @radix-ui/primitive@1.1.7 deduped
│ │ ├── @radix-ui/react-context@1.2.2 deduped
│ │ ├── @radix-ui/react-direction@1.1.4 deduped
│ │ ├── @radix-ui/react-id@1.1.4 deduped
│ │ ├── @radix-ui/react-presence@1.1.10 deduped
│ │ ├── @radix-ui/react-primitive@2.1.10 deduped
│ │ ├── @radix-ui/react-roving-focus@1.1.19 deduped
│ │ ├── @radix-ui/react-use-controllable-state@1.2.6 deduped
│ │ ├── @types/react-dom@19.2.3 deduped
│ │ ├── @types/react@19.2.14 deduped
│ │ ├── react-dom@19.2.8 deduped
│ │ └── react@19.2.8 deduped
│ ├─┬ @radix-ui/react-toast@1.2.23
│ │ ├── @radix-ui/primitive@1.1.7 deduped
│ │ ├── @radix-ui/react-collection@1.1.15 deduped
│ │ ├─┬ @radix-ui/react-compose-refs@1.1.5
│ │ │ ├── @types/react@19.2.14 deduped
│ │ │ └── react@19.2.8 deduped
│ │ ├── @radix-ui/react-context@1.2.2 deduped
│ │ ├── @radix-ui/react-dismissable-layer@1.1.19 deduped
│ │ ├── @radix-ui/react-portal@1.1.17 deduped
│ │ ├── @radix-ui/react-presence@1.1.10 deduped
│ │ ├── @radix-ui/react-primitive@2.1.10 deduped
│ │ ├── @radix-ui/react-use-callback-ref@1.1.4 deduped
│ │ ├── @radix-ui/react-use-controllable-state@1.2.6 deduped
│ │ ├── @radix-ui/react-use-layout-effect@1.1.4 deduped
│ │ ├── @radix-ui/react-visually-hidden@1.2.11 deduped
│ │ ├── @types/react-dom@19.2.3 deduped
│ │ ├── @types/react@19.2.14 deduped
│ │ ├── react-dom@19.2.8 deduped
│ │ └── react@19.2.8 deduped
│ ├─┬ @radix-ui/react-toggle-group@1.1.19
│ │ ├── @radix-ui/primitive@1.1.7 deduped
│ │ ├── @radix-ui/react-context@1.2.2 deduped
│ │ ├── @radix-ui/react-direction@1.1.4 deduped
│ │ ├── @radix-ui/react-primitive@2.1.10 deduped
│ │ ├── @radix-ui/react-roving-focus@1.1.19 deduped
│ │ ├── @radix-ui/react-toggle@1.1.18 deduped
│ │ ├── @radix-ui/react-use-controllable-state@1.2.6 deduped
│ │ ├── @types/react-dom@19.2.3 deduped
│ │ ├── @types/react@19.2.14 deduped
│ │ ├── react-dom@19.2.8 deduped
│ │ └── react@19.2.8 deduped
│ ├─┬ @radix-ui/react-toggle@1.1.18
│ │ ├── @radix-ui/primitive@1.1.7 deduped
│ │ ├── @radix-ui/react-primitive@2.1.10 deduped
│ │ ├── @radix-ui/react-use-controllable-state@1.2.6 deduped
│ │ ├── @types/react-dom@19.2.3 deduped
│ │ ├── @types/react@19.2.14 deduped
│ │ ├── react-dom@19.2.8 deduped
│ │ └── react@19.2.8 deduped
│ ├─┬ @radix-ui/react-toolbar@1.1.19
│ │ ├── @radix-ui/primitive@1.1.7 deduped
│ │ ├── @radix-ui/react-context@1.2.2 deduped
│ │ ├── @radix-ui/react-direction@1.1.4 deduped
│ │ ├── @radix-ui/react-primitive@2.1.10 deduped
│ │ ├── @radix-ui/react-roving-focus@1.1.19 deduped
│ │ ├── @radix-ui/react-separator@1.1.15 deduped
│ │ ├── @radix-ui/react-toggle-group@1.1.19 deduped
│ │ ├── @types/react-dom@19.2.3 deduped
│ │ ├── @types/react@19.2.14 deduped
│ │ ├── react-dom@19.2.8 deduped
│ │ └── react@19.2.8 deduped
│ ├─┬ @radix-ui/react-tooltip@1.2.16
│ │ ├── @radix-ui/primitive@1.1.7 deduped
│ │ ├─┬ @radix-ui/react-compose-refs@1.1.5
│ │ │ ├── @types/react@19.2.14 deduped
│ │ │ └── react@19.2.8 deduped
│ │ ├── @radix-ui/react-context@1.2.2 deduped
│ │ ├── @radix-ui/react-dismissable-layer@1.1.19 deduped
│ │ ├── @radix-ui/react-id@1.1.4 deduped
│ │ ├── @radix-ui/react-popper@1.3.7 deduped
│ │ ├── @radix-ui/react-portal@1.1.17 deduped
│ │ ├── @radix-ui/react-presence@1.1.10 deduped
│ │ ├── @radix-ui/react-primitive@2.1.10 deduped
│ │ ├─┬ @radix-ui/react-slot@1.3.3
│ │ │ ├── @radix-ui/react-compose-refs@1.1.5 deduped
│ │ │ ├── @types/react@19.2.14 deduped
│ │ │ └── react@19.2.8 deduped
│ │ ├── @radix-ui/react-use-controllable-state@1.2.6 deduped
│ │ ├── @radix-ui/react-use-layout-effect@1.1.4 deduped
│ │ ├── @radix-ui/react-visually-hidden@1.2.11 deduped
│ │ ├── @types/react-dom@19.2.3 deduped
│ │ ├── @types/react@19.2.14 deduped
│ │ ├── react-dom@19.2.8 deduped
│ │ └── react@19.2.8 deduped
│ ├─┬ @radix-ui/react-use-callback-ref@1.1.4
│ │ ├── @types/react@19.2.14 deduped
│ │ └── react@19.2.8 deduped
│ ├─┬ @radix-ui/react-use-controllable-state@1.2.6
│ │ ├── @radix-ui/primitive@1.1.7 deduped
│ │ ├── @radix-ui/react-use-effect-event@0.0.5 deduped
│ │ ├── @radix-ui/react-use-layout-effect@1.1.4 deduped
│ │ ├── @types/react@19.2.14 deduped
│ │ └── react@19.2.8 deduped
│ ├─┬ @radix-ui/react-use-effect-event@0.0.5
│ │ ├── @radix-ui/react-use-layout-effect@1.1.4 deduped
│ │ ├── @types/react@19.2.14 deduped
│ │ └── react@19.2.8 deduped
│ ├─┬ @radix-ui/react-use-escape-keydown@1.1.5
│ │ ├── @radix-ui/react-use-callback-ref@1.1.4 deduped
│ │ ├── @types/react@19.2.14 deduped
│ │ └── react@19.2.8 deduped
│ ├─┬ @radix-ui/react-use-is-hydrated@0.1.3
│ │ ├── @types/react@19.2.14 deduped
│ │ └── react@19.2.8 deduped
│ ├─┬ @radix-ui/react-use-layout-effect@1.1.4
│ │ ├── @types/react@19.2.14 deduped
│ │ └── react@19.2.8 deduped
│ ├─┬ @radix-ui/react-use-size@1.1.4
│ │ ├── @radix-ui/react-use-layout-effect@1.1.4 deduped
│ │ ├── @types/react@19.2.14 deduped
│ │ └── react@19.2.8 deduped
│ ├─┬ @radix-ui/react-visually-hidden@1.2.11
│ │ ├── @radix-ui/react-primitive@2.1.10 deduped
│ │ ├── @types/react-dom@19.2.3 deduped
│ │ ├── @types/react@19.2.14 deduped
│ │ ├── react-dom@19.2.8 deduped
│ │ └── react@19.2.8 deduped
│ ├── @types/react-dom@19.2.3 deduped
│ ├── @types/react@19.2.14 deduped
│ ├── react-dom@19.2.8 deduped
│ └── react@19.2.8 deduped
├─┬ react-day-picker@10.0.1
│ ├── @date-fns/tz@1.5.0 deduped
│ ├── @types/react@19.2.14 deduped
│ ├── date-fns@4.4.0 deduped
│ └── react@19.2.8 deduped
├─┬ react-dom@19.2.8
│ ├── react@19.2.8 deduped
│ └── scheduler@0.27.0
├─┬ react-hook-form@7.85.0
│ └── react@19.2.8 deduped
├─┬ react-resizable-panels@4.12.2
│ ├── react-dom@19.2.8 deduped
│ └── react@19.2.8 deduped
├─┬ react-server-dom-webpack@19.2.8
│ ├─┬ acorn-loose@8.5.2
│ │ └── acorn@8.16.0 deduped
│ ├── neo-async@2.6.2
│ ├── react-dom@19.2.8 deduped
│ ├── react@19.2.8 deduped
│ ├── webpack-sources@3.4.1
│ └─┬ webpack@5.106.2
│   ├─┬ @types/eslint-scope@3.7.7
│   │ ├─┬ @types/eslint@9.6.1
│   │ │ ├── @types/estree@1.0.9 deduped
│   │ │ └── @types/json-schema@7.0.15 deduped
│   │ └── @types/estree@1.0.9 deduped
│   ├── @types/estree@1.0.9 deduped
│   ├── @types/json-schema@7.0.15 deduped
│   ├─┬ @webassemblyjs/ast@1.14.1
│   │ ├─┬ @webassemblyjs/helper-numbers@1.13.2
│   │ │ ├── @webassemblyjs/floating-point-hex-parser@1.13.2
│   │ │ ├── @webassemblyjs/helper-api-error@1.13.2 deduped
│   │ │ └── @xtuc/long@4.2.2
│   │ └── @webassemblyjs/helper-wasm-bytecode@1.13.2
│   ├─┬ @webassemblyjs/wasm-edit@1.14.1
│   │ ├── @webassemblyjs/ast@1.14.1 deduped
│   │ ├── @webassemblyjs/helper-buffer@1.14.1
│   │ ├── @webassemblyjs/helper-wasm-bytecode@1.13.2 deduped
│   │ ├─┬ @webassemblyjs/helper-wasm-section@1.14.1
│   │ │ ├── @webassemblyjs/ast@1.14.1 deduped
│   │ │ ├── @webassemblyjs/helper-buffer@1.14.1 deduped
│   │ │ ├── @webassemblyjs/helper-wasm-bytecode@1.13.2 deduped
│   │ │ └── @webassemblyjs/wasm-gen@1.14.1 deduped
│   │ ├─┬ @webassemblyjs/wasm-gen@1.14.1
│   │ │ ├── @webassemblyjs/ast@1.14.1 deduped
│   │ │ ├── @webassemblyjs/helper-wasm-bytecode@1.13.2 deduped
│   │ │ ├── @webassemblyjs/ieee754@1.13.2 deduped
│   │ │ ├── @webassemblyjs/leb128@1.13.2 deduped
│   │ │ └── @webassemblyjs/utf8@1.13.2 deduped
│   │ ├─┬ @webassemblyjs/wasm-opt@1.14.1
│   │ │ ├── @webassemblyjs/ast@1.14.1 deduped
│   │ │ ├── @webassemblyjs/helper-buffer@1.14.1 deduped
│   │ │ ├── @webassemblyjs/wasm-gen@1.14.1 deduped
│   │ │ └── @webassemblyjs/wasm-parser@1.14.1 deduped
│   │ ├── @webassemblyjs/wasm-parser@1.14.1 deduped
│   │ └─┬ @webassemblyjs/wast-printer@1.14.1
│   │   ├── @webassemblyjs/ast@1.14.1 deduped
│   │   └── @xtuc/long@4.2.2 deduped
│   ├─┬ @webassemblyjs/wasm-parser@1.14.1
│   │ ├── @webassemblyjs/ast@1.14.1 deduped
│   │ ├── @webassemblyjs/helper-api-error@1.13.2
│   │ ├── @webassemblyjs/helper-wasm-bytecode@1.13.2 deduped
│   │ ├─┬ @webassemblyjs/ieee754@1.13.2
│   │ │ └── @xtuc/ieee754@1.2.0
│   │ ├─┬ @webassemblyjs/leb128@1.13.2
│   │ │ └── @xtuc/long@4.2.2 deduped
│   │ └── @webassemblyjs/utf8@1.13.2
│   ├─┬ acorn-import-phases@1.0.4
│   │ └── acorn@8.16.0 deduped
│   ├── acorn@8.16.0 deduped
│   ├─┬ browserslist@4.28.2
│   │ ├── baseline-browser-mapping@2.11.0 deduped
│   │ ├── caniuse-lite@1.0.30001793 deduped
│   │ ├── electron-to-chromium@1.5.358
│   │ ├── node-releases@2.0.44
│   │ └─┬ update-browserslist-db@1.2.3
│   │   ├── browserslist@4.28.2 deduped
│   │   ├── escalade@3.2.0
│   │   └── picocolors@1.1.1 deduped
│   ├── chrome-trace-event@1.0.4
│   ├── enhanced-resolve@5.21.3 deduped
│   ├── es-module-lexer@2.3.2 deduped
│   ├─┬ eslint-scope@5.1.1
│   │ ├── esrecurse@4.3.0 deduped
│   │ └── estraverse@4.3.0
│   ├── events@3.3.0
│   ├── glob-to-regexp@0.4.1
│   ├── graceful-fs@4.2.11
│   ├── loader-runner@4.3.2
│   ├── mime-db@1.54.0
│   ├── neo-async@2.6.2 deduped
│   ├─┬ schema-utils@4.3.3
│   │ ├── @types/json-schema@7.0.15 deduped
│   │ ├── ajv-formats@2.1.1 deduped
│   │ ├─┬ ajv-keywords@5.1.0
│   │ │ ├── ajv@8.20.0 deduped
│   │ │ └── fast-deep-equal@3.1.3 deduped
│   │ └── ajv@8.20.0 deduped
│   ├── tapable@2.3.3
│   ├─┬ terser-webpack-plugin@5.6.0
│   │ ├── @jridgewell/trace-mapping@0.3.31 deduped
│   │ ├─┬ jest-worker@27.5.1
│   │ │ ├── @types/node@22.19.19 deduped
│   │ │ ├── merge-stream@2.0.0
│   │ │ └─┬ supports-color@8.1.1
│   │ │   └── has-flag@4.0.0 deduped
│   │ ├── schema-utils@4.3.3 deduped
│   │ ├── terser@5.47.1 deduped
│   │ └── webpack@5.106.2 deduped
│   ├─┬ watchpack@2.5.1
│   │ ├── glob-to-regexp@0.4.1 deduped
│   │ └── graceful-fs@4.2.11 deduped
│   └── webpack-sources@3.4.1 deduped
├── react@19.2.8
├─┬ recharts@3.8.0
│ ├─┬ @reduxjs/toolkit@2.12.0
│ │ ├── @standard-schema/spec@1.1.0 deduped
│ │ ├── @standard-schema/utils@0.3.0 deduped
│ │ ├── immer@11.1.16
│ │ ├── react-redux@9.3.0 deduped
│ │ ├── react@19.2.8 deduped
│ │ ├─┬ redux-thunk@3.1.0
│ │ │ └── redux@5.0.1 deduped
│ │ ├── redux@5.0.1
│ │ └── reselect@5.2.0 deduped
│ ├── clsx@2.1.1 deduped
│ ├── decimal.js-light@2.5.1
│ ├── es-toolkit@1.50.0
│ ├── eventemitter3@5.0.4
│ ├── immer@10.2.0
│ ├── react-dom@19.2.8 deduped
│ ├── react-is@16.13.1
│ ├─┬ react-redux@9.3.0
│ │ ├── @types/react@19.2.14 deduped
│ │ ├── @types/use-sync-external-store@0.0.6
│ │ ├── react@19.2.8 deduped
│ │ ├── redux@5.0.1 deduped
│ │ └── use-sync-external-store@1.6.0 deduped
│ ├── react@19.2.8 deduped
│ ├── reselect@5.1.1
│ ├── tiny-invariant@1.3.3
│ ├── use-sync-external-store@1.6.0 deduped
│ └─┬ victory-vendor@37.3.6
│   ├── @types/d3-array@3.2.2
│   ├── @types/d3-ease@3.0.2
│   ├─┬ @types/d3-interpolate@3.0.4
│   │ └── @types/d3-color@3.1.3
│   ├─┬ @types/d3-scale@4.0.9
│   │ └── @types/d3-time@3.0.4 deduped
│   ├─┬ @types/d3-shape@3.1.8
│   │ └── @types/d3-path@3.1.1
│   ├── @types/d3-time@3.0.4
│   ├── @types/d3-timer@3.0.2
│   ├─┬ d3-array@3.2.4
│   │ └── internmap@2.0.3
│   ├── d3-ease@3.0.1
│   ├─┬ d3-interpolate@3.0.1
│   │ └── d3-color@3.1.0
│   ├─┬ d3-scale@4.0.2
│   │ ├── d3-array@3.2.4 deduped
│   │ ├── d3-format@3.1.2
│   │ ├── d3-interpolate@3.0.1 deduped
│   │ ├─┬ d3-time-format@4.1.0
│   │ │ └── d3-time@3.1.0 deduped
│   │ └── d3-time@3.1.0 deduped
│   ├─┬ d3-shape@3.2.0
│   │ └── d3-path@3.1.0
│   ├─┬ d3-time@3.1.0
│   │ └── d3-array@3.2.4 deduped
│   └── d3-timer@3.0.1
├─┬ sonner@2.0.8
│ ├── @types/react@19.2.14 deduped
│ ├── react-dom@19.2.8 deduped
│ └── react@19.2.8 deduped
├── tailwind-merge@3.6.0
├── tailwindcss@4.2.1
├── tw-animate-css@1.4.0
├── typescript@5.9.3
├─┬ vaul@1.1.2
│ ├── @radix-ui/react-dialog@1.1.23 deduped
│ ├── react-dom@19.2.8 deduped
│ └── react@19.2.8 deduped
├─┬ vinext@1.0.0-beta.8
│ ├── UNMET OPTIONAL DEPENDENCY @mdx-js/rollup@^3.0.0
│ ├─┬ @unpic/react@1.0.2
│ │ ├─┬ @unpic/core@1.0.3
│ │ │ └── unpic@4.2.2
│ │ ├── next@16.3.3 deduped
│ │ ├── react-dom@19.2.8 deduped
│ │ └── react@19.2.8 deduped
│ ├─┬ @vercel/og@0.8.6
│ │ ├── @resvg/resvg-wasm@2.4.0
│ │ └─┬ satori@0.16.0
│ │   ├─┬ @shuding/opentype.js@1.4.0-beta.0
│ │   │ ├── fflate@0.7.4
│ │   │ └── string.prototype.codepointat@0.2.1
│ │   ├── css-background-parser@0.1.0
│ │   ├── css-box-shadow@1.0.0-3
│ │   ├── css-gradient-parser@0.0.16
│ │   ├─┬ css-to-react-native@3.2.0
│ │   │ ├── camelize@1.0.1
│ │   │ ├── css-color-keywords@1.0.0
│ │   │ └── postcss-value-parser@4.2.0 deduped
│ │   ├── emoji-regex-xs@2.0.1
│ │   ├── escape-html@1.0.3
│ │   ├─┬ linebreak@1.1.0
│ │   │ ├── base64-js@0.0.8
│ │   │ └─┬ unicode-trie@2.0.0
│ │   │   ├── pako@0.2.9
│ │   │   └── tiny-inflate@1.0.3
│ │   ├─┬ parse-css-color@0.2.1
│ │   │ ├── color-name@1.1.4 deduped
│ │   │ └── hex-rgb@4.3.0
│ │   ├── postcss-value-parser@4.2.0
│ │   └── yoga-layout@3.2.1
│ ├── @vinext/types@1.0.0-beta.2
│ ├── @vitejs/plugin-react@6.0.2 deduped
│ ├── @vitejs/plugin-rsc@0.5.34 deduped
│ ├── ipaddr.js@2.4.0
│ ├── magic-string@0.30.21 deduped
│ ├── react-dom@19.2.8 deduped
│ ├── react-server-dom-webpack@19.2.8 deduped
│ ├── react@19.2.8 deduped
│ ├─┬ vite-plugin-commonjs@0.10.4
│ │ ├── acorn@8.16.0 deduped
│ │ ├── magic-string@0.30.21 deduped
│ │ └─┬ vite-plugin-dynamic-import@1.6.0
│ │   ├── acorn@8.16.0 deduped
│ │   ├── es-module-lexer@1.7.0
│ │   ├─┬ fast-glob@3.3.3
│ │   │ ├── @nodelib/fs.stat@2.0.5 deduped
│ │   │ ├── @nodelib/fs.walk@1.2.8 deduped
│ │   │ ├─┬ glob-parent@5.1.2
│ │   │ │ └── is-glob@4.0.3 deduped
│ │   │ ├── merge2@1.4.1 deduped
│ │   │ └── micromatch@4.0.8 deduped
│ │   └── magic-string@0.30.21 deduped
│ ├── vite@8.2.2 deduped
│ └── web-vitals@4.2.4
├─┬ vite@8.2.2
│ ├── @types/node@22.19.19 deduped
│ ├── UNMET OPTIONAL DEPENDENCY @vitejs/devtools@^0.4.0 || ^0.5.0
│ ├── UNMET OPTIONAL DEPENDENCY esbuild@^0.27.0 || ^0.28.0
│ ├── UNMET OPTIONAL DEPENDENCY fsevents@~2.3.3
│ ├── jiti@2.7.0 deduped
│ ├── UNMET OPTIONAL DEPENDENCY less@^4.0.0
│ ├─┬ lightningcss@1.33.0
│ │ ├── detect-libc@2.1.2 deduped
│ │ ├── UNMET OPTIONAL DEPENDENCY lightningcss-android-arm64@1.33.0
│ │ ├── UNMET OPTIONAL DEPENDENCY lightningcss-darwin-arm64@1.33.0
│ │ ├── UNMET OPTIONAL DEPENDENCY lightningcss-darwin-x64@1.33.0
│ │ ├── UNMET OPTIONAL DEPENDENCY lightningcss-freebsd-x64@1.33.0
│ │ ├── UNMET OPTIONAL DEPENDENCY lightningcss-linux-arm-gnueabihf@1.33.0
│ │ ├── UNMET OPTIONAL DEPENDENCY lightningcss-linux-arm64-gnu@1.33.0
│ │ ├── UNMET OPTIONAL DEPENDENCY lightningcss-linux-arm64-musl@1.33.0
│ │ ├── lightningcss-linux-x64-gnu@1.33.0
│ │ ├── lightningcss-linux-x64-musl@1.33.0
│ │ ├── UNMET OPTIONAL DEPENDENCY lightningcss-win32-arm64-msvc@1.33.0
│ │ └── UNMET OPTIONAL DEPENDENCY lightningcss-win32-x64-msvc@1.33.0
│ ├── picomatch@4.0.7
│ ├── postcss@8.5.26 deduped
│ ├─┬ rolldown@1.2.6
│ │ ├── @oxc-project/types@0.147.0
│ │ ├── UNMET OPTIONAL DEPENDENCY @rolldown/binding-android-arm-eabi@1.2.6
│ │ ├── UNMET OPTIONAL DEPENDENCY @rolldown/binding-android-arm64@1.2.6
│ │ ├── UNMET OPTIONAL DEPENDENCY @rolldown/binding-darwin-arm64@1.2.6
│ │ ├── UNMET OPTIONAL DEPENDENCY @rolldown/binding-darwin-x64@1.2.6
│ │ ├── UNMET OPTIONAL DEPENDENCY @rolldown/binding-freebsd-x64@1.2.6
│ │ ├── UNMET OPTIONAL DEPENDENCY @rolldown/binding-linux-arm-gnueabihf@1.2.6
│ │ ├── UNMET OPTIONAL DEPENDENCY @rolldown/binding-linux-arm64-gnu@1.2.6
│ │ ├── UNMET OPTIONAL DEPENDENCY @rolldown/binding-linux-arm64-musl@1.2.6
│ │ ├── UNMET OPTIONAL DEPENDENCY @rolldown/binding-linux-ppc64-gnu@1.2.6
│ │ ├── UNMET OPTIONAL DEPENDENCY @rolldown/binding-linux-s390x-gnu@1.2.6
│ │ ├── @rolldown/binding-linux-x64-gnu@1.2.6
│ │ ├── @rolldown/binding-linux-x64-musl@1.2.6
│ │ ├── UNMET OPTIONAL DEPENDENCY @rolldown/binding-openharmony-arm64@1.2.6
│ │ ├── UNMET OPTIONAL DEPENDENCY @rolldown/binding-win32-arm64-msvc@1.2.6
│ │ ├── UNMET OPTIONAL DEPENDENCY @rolldown/binding-win32-x64-msvc@1.2.6
│ │ └── @rolldown/pluginutils@1.0.1 deduped
│ ├── UNMET OPTIONAL DEPENDENCY sass-embedded@^1.70.0
│ ├── UNMET OPTIONAL DEPENDENCY sass@^1.70.0
│ ├── UNMET OPTIONAL DEPENDENCY stylus@>=0.54.8
│ ├── UNMET OPTIONAL DEPENDENCY sugarss@^5.0.0
│ ├─┬ terser@5.47.1
│ │ ├─┬ @jridgewell/source-map@0.3.11
│ │ │ ├── @jridgewell/gen-mapping@0.3.13 deduped
│ │ │ └── @jridgewell/trace-mapping@0.3.31 deduped
│ │ ├── acorn@8.16.0 deduped
│ │ ├── commander@2.20.3
│ │ └─┬ source-map-support@0.5.21
│ │   ├── buffer-from@1.1.2
│ │   └── source-map@0.6.1
│ ├─┬ tinyglobby@0.2.17
│ │ ├─┬ fdir@6.5.0
│ │ │ └── picomatch@4.0.4 deduped
│ │ └── picomatch@4.0.4
│ ├── UNMET OPTIONAL DEPENDENCY tsx@^4.8.1
│ └── UNMET OPTIONAL DEPENDENCY yaml@^2.4.2
├─┬ wrangler@4.127.1
│ ├── @cloudflare/kv-asset-handler@0.5.0
│ ├── @cloudflare/unenv-preset@2.16.1 deduped
│ ├── @cloudflare/workers-types@5.20260829.1 deduped
│ ├── blake3-wasm@2.1.5
│ ├─┬ esbuild@0.28.1
│ │ ├── UNMET OPTIONAL DEPENDENCY @esbuild/aix-ppc64@0.28.1
│ │ ├── UNMET OPTIONAL DEPENDENCY @esbuild/android-arm@0.28.1
│ │ ├── UNMET OPTIONAL DEPENDENCY @esbuild/android-arm64@0.28.1
│ │ ├── UNMET OPTIONAL DEPENDENCY @esbuild/android-x64@0.28.1
│ │ ├── UNMET OPTIONAL DEPENDENCY @esbuild/darwin-arm64@0.28.1
│ │ ├── UNMET OPTIONAL DEPENDENCY @esbuild/darwin-x64@0.28.1
│ │ ├── UNMET OPTIONAL DEPENDENCY @esbuild/freebsd-arm64@0.28.1
│ │ ├── UNMET OPTIONAL DEPENDENCY @esbuild/freebsd-x64@0.28.1
│ │ ├── UNMET OPTIONAL DEPENDENCY @esbuild/linux-arm@0.28.1
│ │ ├── UNMET OPTIONAL DEPENDENCY @esbuild/linux-arm64@0.28.1
│ │ ├── UNMET OPTIONAL DEPENDENCY @esbuild/linux-ia32@0.28.1
│ │ ├── UNMET OPTIONAL DEPENDENCY @esbuild/linux-loong64@0.28.1
│ │ ├── UNMET OPTIONAL DEPENDENCY @esbuild/linux-mips64el@0.28.1
│ │ ├── UNMET OPTIONAL DEPENDENCY @esbuild/linux-ppc64@0.28.1
│ │ ├── UNMET OPTIONAL DEPENDENCY @esbuild/linux-riscv64@0.28.1
│ │ ├── UNMET OPTIONAL DEPENDENCY @esbuild/linux-s390x@0.28.1
│ │ ├── @esbuild/linux-x64@0.28.1
│ │ ├── UNMET OPTIONAL DEPENDENCY @esbuild/netbsd-arm64@0.28.1
│ │ ├── UNMET OPTIONAL DEPENDENCY @esbuild/netbsd-x64@0.28.1
│ │ ├── UNMET OPTIONAL DEPENDENCY @esbuild/openbsd-arm64@0.28.1
│ │ ├── UNMET OPTIONAL DEPENDENCY @esbuild/openbsd-x64@0.28.1
│ │ ├── UNMET OPTIONAL DEPENDENCY @esbuild/openharmony-arm64@0.28.1
│ │ ├── UNMET OPTIONAL DEPENDENCY @esbuild/sunos-x64@0.28.1
│ │ ├── UNMET OPTIONAL DEPENDENCY @esbuild/win32-arm64@0.28.1
│ │ ├── UNMET OPTIONAL DEPENDENCY @esbuild/win32-ia32@0.28.1
│ │ └── UNMET OPTIONAL DEPENDENCY @esbuild/win32-x64@0.28.1
│ ├── UNMET OPTIONAL DEPENDENCY fsevents@2.3.3
│ ├── miniflare@5.20260828.0-alpha deduped
│ ├── path-to-regexp@6.3.0
│ ├── unenv@2.0.0-rc.24 deduped
│ └── workerd@1.20260828.1 deduped
└── zod@3.25.76

